xrun: 23.09-s013: (c) Copyright 1995-2024 Cadence Design Systems, Inc.
TOOL:	xrun	23.09-s013: Started on May 04, 2026 at 23:21:31 PKT
xrun
	-f flist.f
		./Functional/ahb3lite_pkg.sv
		./Functional/ahb_if.sv
		./Functional/mem.sv
		./Functional/design.sv
		./Covergroups/coverage_module.sv
		./Covergroups/directed_tests.sv
		./Functional/tb_top.sv
	-top tb_top
	-access +rwc
	-coverage all
	-covoverwrite
	-covtest test_1
	-covworkdir cov_work
Recompiling... reason: file './Functional/tb_top.sv' is newer than expected.
	expected: Mon May  4 23:00:02 2026
	actual:   Mon May  4 23:20:35 2026
file: ./Functional/ahb_if.sv
    default input #1step output #1step;
                                     |
xmvlog: *W,SAWSTP (./Functional/ahb_if.sv,35|37): Time unit "step" seen in literal - using local precision.
file: ./Functional/tb_top.sv
	module worklib.tb_top:sv
		errors: 0, warnings: 0
	Elaborating the design hierarchy:
		Caching library 'worklib' ....... Done
	Top level design units:
		ahb3lite_pkg
		$unit_0x2fcc5d52
		ahb_test_pkg
		tb_top

	Extracting FSMs for coverage:
		worklib.coverage_module
		worklib.mem
		worklib.ahb3liten
		worklib.tb_top
	Total FSMs extracted = 0
	Building instance overlay tables: .................... Done
	Enabling instrumentation for coverage types: block expression FSM toggle functional
xmelab: *W,COVDCL: By default expression coverage is scored only for Verilog logical operators (|| and &&) and VHDL logical operators (OR, AND, NOR, and NAND), and is scored only in condition expressions. To score coverage for other operators and for expressions in other statements, use the "set_expr_coverable_operators" and "set_expr_coverable_statements" coverage configuration file commands with suitable options at elaboration.
	Generating native compiled code:
		worklib.coverage_module:sv <0x41370b28>
			streams:  39, words: 30545
		worklib.tb_top:sv <0x509e9341>
			streams:  26, words: 27564
		worklib.ahb_test_pkg:sv <0x7dfa3c04>
			streams:   7, words: 31168
		worklib.ahb_if:sv <0x387c5b2d>
			streams:   9, words: 11403
  bit [31:0] mem_model [0:1023];
                     |
xmelab: *W,COVMDD (./Functional/tb_top.sv,12|21): Toggle coverage for bit, logic, reg, wire, enum and struct multi-dimensional static arrays and vectors is not supported by default. To enable toggle coverage for enum multi-dimensional static arrays specify 'set_toggle_scoring -sv_enum enable_mda' and for other multi-dimensional static arrays, specify 'set_toggle_scoring -sv_mda [<max_bit_base2_exponent>] [-sv_mda_of_struct]' ccf command in the coverage configuration file.
  int pass_count = 0;
               |
xmelab: *W,COVUTA (./Functional/tb_top.sv,14|15): Toggle coverage is not supported for SystemVerilog integer, real, string, dynamic array, sparse memory and reference ports. It is also not supported for VHDL multi-dimensional array and array of record. There may also be other such objects in the design.
	Building instance specific data structures.
xmelab: *W,CGPIDF: Covergroup "per_instance" option , by default, is set as 0.
xmelab: *N,COVCGN: Coverage configuration file command "set_covergroup -new_instance_reporting" can be specified to improve the scoping and naming of covergroup instances. It may be noted that subsequent merging of a coverage database saved with this command and a coverage database saved without this command is not allowed.
	Loading native compiled code:     .................... Done
	Design hierarchy summary:
		                 Instances  Unique
		Modules:                 4       4
		Interfaces:              1       1
		Verilog packages:        2       2
		Registers:             148     148
		Scalar wires:           13       -
		Vectored wires:         14       -
		Always blocks:          15      13
		Initial blocks:          9       9
		Clocking blocks:         1       1
		Clocking items:         12      12
		Cont. assignments:       5       6
		Pseudo assignments:     18       -
		Covergroup Instances:    0      12
		Compilation units:       1       1
		Process Clocks:         13       2
		Simulation timescale:  1ps
	Writing initial simulation snapshot: worklib.tb_top:sv
Loading snapshot worklib.tb_top:sv .................... Done
SVSEED default: 1
xcelium> source /mnt/cadence_tools/installs/XCELIUM2309/tools/xcelium/files/xmsimrc
xcelium> run



========================================
   AHB LITE VERIFICATION TESTBENCH
========================================


========== SINGLE WRITE/READ TESTS (1000) ==========

[SINGLE][PASS] Addr: 0x00000000 | Exp: 0xc6a3da87 | Got: 0xc6a3da87
[SINGLE][PASS] Addr: 0x00000004 | Exp: 0x51f370fc | Got: 0x51f370fc
[SINGLE][PASS] Addr: 0x00000008 | Exp: 0x178ee6fa | Got: 0x178ee6fa
[SINGLE][PASS] Addr: 0x0000000c | Exp: 0x4ecd4292 | Got: 0x4ecd4292
[SINGLE][PASS] Addr: 0x00000010 | Exp: 0x435286e0 | Got: 0x435286e0
[SINGLE][PASS] Addr: 0x00000014 | Exp: 0x3ac057c4 | Got: 0x3ac057c4
[SINGLE][PASS] Addr: 0x00000018 | Exp: 0xc55bf392 | Got: 0xc55bf392
[SINGLE][PASS] Addr: 0x0000001c | Exp: 0xa7a3a3f9 | Got: 0xa7a3a3f9
[SINGLE][PASS] Addr: 0x00000020 | Exp: 0xcec9c817 | Got: 0xcec9c817
[SINGLE][PASS] Addr: 0x00000024 | Exp: 0x1b963868 | Got: 0x1b963868
[SINGLE][PASS] Addr: 0x00000028 | Exp: 0xaf0eb216 | Got: 0xaf0eb216
[SINGLE][PASS] Addr: 0x0000002c | Exp: 0xba0161e0 | Got: 0xba0161e0
[SINGLE][PASS] Addr: 0x00000030 | Exp: 0x0c453f7e | Got: 0x0c453f7e
[SINGLE][PASS] Addr: 0x00000034 | Exp: 0xb24ce159 | Got: 0xb24ce159
[SINGLE][PASS] Addr: 0x00000038 | Exp: 0x475374f1 | Got: 0x475374f1
[SINGLE][PASS] Addr: 0x0000003c | Exp: 0x305dcb3d | Got: 0x305dcb3d
[SINGLE][PASS] Addr: 0x00000040 | Exp: 0x27be98f3 | Got: 0x27be98f3
[SINGLE][PASS] Addr: 0x00000044 | Exp: 0x4ad45975 | Got: 0x4ad45975
[SINGLE][PASS] Addr: 0x00000048 | Exp: 0xab4e5fd5 | Got: 0xab4e5fd5
[SINGLE][PASS] Addr: 0x0000004c | Exp: 0x2b07bc34 | Got: 0x2b07bc34
[SINGLE][PASS] Addr: 0x00000050 | Exp: 0x95666461 | Got: 0x95666461
[SINGLE][PASS] Addr: 0x00000054 | Exp: 0x6abeb584 | Got: 0x6abeb584
[SINGLE][PASS] Addr: 0x00000058 | Exp: 0x1a219944 | Got: 0x1a219944
[SINGLE][PASS] Addr: 0x0000005c | Exp: 0x63ad8b94 | Got: 0x63ad8b94
[SINGLE][PASS] Addr: 0x00000060 | Exp: 0xc12f1f3d | Got: 0xc12f1f3d
[SINGLE][PASS] Addr: 0x00000064 | Exp: 0xecb49dbe | Got: 0xecb49dbe
[SINGLE][PASS] Addr: 0x00000068 | Exp: 0x5c6cac09 | Got: 0x5c6cac09
[SINGLE][PASS] Addr: 0x0000006c | Exp: 0xc0d8a859 | Got: 0xc0d8a859
[SINGLE][PASS] Addr: 0x00000070 | Exp: 0xae436e0b | Got: 0xae436e0b
[SINGLE][PASS] Addr: 0x00000074 | Exp: 0x8bfe8342 | Got: 0x8bfe8342
[SINGLE][PASS] Addr: 0x00000078 | Exp: 0x1bc618bd | Got: 0x1bc618bd
[SINGLE][PASS] Addr: 0x0000007c | Exp: 0x596be72a | Got: 0x596be72a
[SINGLE][PASS] Addr: 0x00000080 | Exp: 0x868b85d9 | Got: 0x868b85d9
[SINGLE][PASS] Addr: 0x00000084 | Exp: 0xdffe859f | Got: 0xdffe859f
[SINGLE][PASS] Addr: 0x00000088 | Exp: 0x2a471745 | Got: 0x2a471745
[SINGLE][PASS] Addr: 0x0000008c | Exp: 0xe8297fda | Got: 0xe8297fda
[SINGLE][PASS] Addr: 0x00000090 | Exp: 0x1a2bc5c1 | Got: 0x1a2bc5c1
[SINGLE][PASS] Addr: 0x00000094 | Exp: 0xc7b3084d | Got: 0xc7b3084d
[SINGLE][PASS] Addr: 0x00000098 | Exp: 0xba008851 | Got: 0xba008851
[SINGLE][PASS] Addr: 0x0000009c | Exp: 0xaf2ebae9 | Got: 0xaf2ebae9
[SINGLE][PASS] Addr: 0x000000a0 | Exp: 0x4f03806a | Got: 0x4f03806a
[SINGLE][PASS] Addr: 0x000000a4 | Exp: 0x4537f832 | Got: 0x4537f832
[SINGLE][PASS] Addr: 0x000000a8 | Exp: 0x847f16dd | Got: 0x847f16dd
[SINGLE][PASS] Addr: 0x000000ac | Exp: 0xcb724f03 | Got: 0xcb724f03
[SINGLE][PASS] Addr: 0x000000b0 | Exp: 0x802df585 | Got: 0x802df585
[SINGLE][PASS] Addr: 0x000000b4 | Exp: 0xc943c11f | Got: 0xc943c11f
[SINGLE][PASS] Addr: 0x000000b8 | Exp: 0xe24e89b1 | Got: 0xe24e89b1
[SINGLE][PASS] Addr: 0x000000bc | Exp: 0xf84b6e7d | Got: 0xf84b6e7d
[SINGLE][PASS] Addr: 0x000000c0 | Exp: 0xcd847b52 | Got: 0xcd847b52
[SINGLE][PASS] Addr: 0x000000c4 | Exp: 0xeea8f352 | Got: 0xeea8f352
[SINGLE][PASS] Addr: 0x000000c8 | Exp: 0xd27244e3 | Got: 0xd27244e3
[SINGLE][PASS] Addr: 0x000000cc | Exp: 0xc2ea84dd | Got: 0xc2ea84dd
[SINGLE][PASS] Addr: 0x000000d0 | Exp: 0x5b19d81a | Got: 0x5b19d81a
[SINGLE][PASS] Addr: 0x000000d4 | Exp: 0xa5d598f5 | Got: 0xa5d598f5
[SINGLE][PASS] Addr: 0x000000d8 | Exp: 0xf1effb51 | Got: 0xf1effb51
[SINGLE][PASS] Addr: 0x000000dc | Exp: 0x2ddba451 | Got: 0x2ddba451
[SINGLE][PASS] Addr: 0x000000e0 | Exp: 0x80becbb4 | Got: 0x80becbb4
[SINGLE][PASS] Addr: 0x000000e4 | Exp: 0xd0563b9b | Got: 0xd0563b9b
[SINGLE][PASS] Addr: 0x000000e8 | Exp: 0x6340902a | Got: 0x6340902a
[SINGLE][PASS] Addr: 0x000000ec | Exp: 0xc488a335 | Got: 0xc488a335
[SINGLE][PASS] Addr: 0x000000f0 | Exp: 0xe97dc903 | Got: 0xe97dc903
[SINGLE][PASS] Addr: 0x000000f4 | Exp: 0x4c5299c8 | Got: 0x4c5299c8
[SINGLE][PASS] Addr: 0x000000f8 | Exp: 0xa5e12864 | Got: 0xa5e12864
[SINGLE][PASS] Addr: 0x000000fc | Exp: 0x1eb5e990 | Got: 0x1eb5e990
[SINGLE][PASS] Addr: 0x00000100 | Exp: 0xa31fdf74 | Got: 0xa31fdf74
[SINGLE][PASS] Addr: 0x00000104 | Exp: 0x700a0c68 | Got: 0x700a0c68
[SINGLE][PASS] Addr: 0x00000108 | Exp: 0x5dc86c45 | Got: 0x5dc86c45
[SINGLE][PASS] Addr: 0x0000010c | Exp: 0xd403ee95 | Got: 0xd403ee95
[SINGLE][PASS] Addr: 0x00000110 | Exp: 0x1da8d483 | Got: 0x1da8d483
[SINGLE][PASS] Addr: 0x00000114 | Exp: 0xf55f9c54 | Got: 0xf55f9c54
[SINGLE][PASS] Addr: 0x00000118 | Exp: 0x0ae5f8dd | Got: 0x0ae5f8dd
[SINGLE][PASS] Addr: 0x0000011c | Exp: 0xdf6e6624 | Got: 0xdf6e6624
[SINGLE][PASS] Addr: 0x00000120 | Exp: 0x1ad76d35 | Got: 0x1ad76d35
[SINGLE][PASS] Addr: 0x00000124 | Exp: 0x554ac7d2 | Got: 0x554ac7d2
[SINGLE][PASS] Addr: 0x00000128 | Exp: 0xb0a80188 | Got: 0xb0a80188
[SINGLE][PASS] Addr: 0x0000012c | Exp: 0x72d11e48 | Got: 0x72d11e48
[SINGLE][PASS] Addr: 0x00000130 | Exp: 0x8da9e79d | Got: 0x8da9e79d
[SINGLE][PASS] Addr: 0x00000134 | Exp: 0x9363f814 | Got: 0x9363f814
[SINGLE][PASS] Addr: 0x00000138 | Exp: 0x6d79216e | Got: 0x6d79216e
[SINGLE][PASS] Addr: 0x0000013c | Exp: 0x3a5f8cb9 | Got: 0x3a5f8cb9
[SINGLE][PASS] Addr: 0x00000140 | Exp: 0x69d6a459 | Got: 0x69d6a459
[SINGLE][PASS] Addr: 0x00000144 | Exp: 0x795da6b7 | Got: 0x795da6b7
[SINGLE][PASS] Addr: 0x00000148 | Exp: 0x023f5d05 | Got: 0x023f5d05
[SINGLE][PASS] Addr: 0x0000014c | Exp: 0x102a0c59 | Got: 0x102a0c59
[SINGLE][PASS] Addr: 0x00000150 | Exp: 0x63500014 | Got: 0x63500014
[SINGLE][PASS] Addr: 0x00000154 | Exp: 0x42873343 | Got: 0x42873343
[SINGLE][PASS] Addr: 0x00000158 | Exp: 0x49dc538c | Got: 0x49dc538c
[SINGLE][PASS] Addr: 0x0000015c | Exp: 0x1f9fcab9 | Got: 0x1f9fcab9
[SINGLE][PASS] Addr: 0x00000160 | Exp: 0x9dc85d04 | Got: 0x9dc85d04
[SINGLE][PASS] Addr: 0x00000164 | Exp: 0xb74a68af | Got: 0xb74a68af
[SINGLE][PASS] Addr: 0x00000168 | Exp: 0xa0ada08f | Got: 0xa0ada08f
[SINGLE][PASS] Addr: 0x0000016c | Exp: 0x79066594 | Got: 0x79066594
[SINGLE][PASS] Addr: 0x00000170 | Exp: 0x4c2b5c6b | Got: 0x4c2b5c6b
[SINGLE][PASS] Addr: 0x00000174 | Exp: 0xb8afb2dc | Got: 0xb8afb2dc
[SINGLE][PASS] Addr: 0x00000178 | Exp: 0x3c0c6d68 | Got: 0x3c0c6d68
[SINGLE][PASS] Addr: 0x0000017c | Exp: 0x15043851 | Got: 0x15043851
[SINGLE][PASS] Addr: 0x00000180 | Exp: 0x401f4818 | Got: 0x401f4818
[SINGLE][PASS] Addr: 0x00000184 | Exp: 0x3bd90417 | Got: 0x3bd90417
[SINGLE][PASS] Addr: 0x00000188 | Exp: 0x71d032ba | Got: 0x71d032ba
[SINGLE][PASS] Addr: 0x0000018c | Exp: 0x481a5983 | Got: 0x481a5983
[SINGLE][PASS] Addr: 0x00000190 | Exp: 0x6989abe5 | Got: 0x6989abe5
[SINGLE][PASS] Addr: 0x00000194 | Exp: 0xb5856a9a | Got: 0xb5856a9a
[SINGLE][PASS] Addr: 0x00000198 | Exp: 0xefcaa9f6 | Got: 0xefcaa9f6
[SINGLE][PASS] Addr: 0x0000019c | Exp: 0xa6254869 | Got: 0xa6254869
[SINGLE][PASS] Addr: 0x000001a0 | Exp: 0x46081f39 | Got: 0x46081f39
[SINGLE][PASS] Addr: 0x000001a4 | Exp: 0xf58f560a | Got: 0xf58f560a
[SINGLE][PASS] Addr: 0x000001a8 | Exp: 0xe348eed8 | Got: 0xe348eed8
[SINGLE][PASS] Addr: 0x000001ac | Exp: 0x55de4a70 | Got: 0x55de4a70
[SINGLE][PASS] Addr: 0x000001b0 | Exp: 0x40793e85 | Got: 0x40793e85
[SINGLE][PASS] Addr: 0x000001b4 | Exp: 0x726e8cf8 | Got: 0x726e8cf8
[SINGLE][PASS] Addr: 0x000001b8 | Exp: 0x1094d0e8 | Got: 0x1094d0e8
[SINGLE][PASS] Addr: 0x000001bc | Exp: 0xd45978af | Got: 0xd45978af
[SINGLE][PASS] Addr: 0x000001c0 | Exp: 0x0073d4c9 | Got: 0x0073d4c9
[SINGLE][PASS] Addr: 0x000001c4 | Exp: 0x04b4d262 | Got: 0x04b4d262
[SINGLE][PASS] Addr: 0x000001c8 | Exp: 0xda7354fc | Got: 0xda7354fc
[SINGLE][PASS] Addr: 0x000001cc | Exp: 0x28897d68 | Got: 0x28897d68
[SINGLE][PASS] Addr: 0x000001d0 | Exp: 0xa9ca350e | Got: 0xa9ca350e
[SINGLE][PASS] Addr: 0x000001d4 | Exp: 0x12913b31 | Got: 0x12913b31
[SINGLE][PASS] Addr: 0x000001d8 | Exp: 0x39a866b3 | Got: 0x39a866b3
[SINGLE][PASS] Addr: 0x000001dc | Exp: 0x86b8018c | Got: 0x86b8018c
[SINGLE][PASS] Addr: 0x000001e0 | Exp: 0x0c0fc3ec | Got: 0x0c0fc3ec
[SINGLE][PASS] Addr: 0x000001e4 | Exp: 0x2b5033ba | Got: 0x2b5033ba
[SINGLE][PASS] Addr: 0x000001e8 | Exp: 0xa471b9f9 | Got: 0xa471b9f9
[SINGLE][PASS] Addr: 0x000001ec | Exp: 0x6411ca36 | Got: 0x6411ca36
[SINGLE][PASS] Addr: 0x000001f0 | Exp: 0xc20cb104 | Got: 0xc20cb104
[SINGLE][PASS] Addr: 0x000001f4 | Exp: 0x12d73540 | Got: 0x12d73540
[SINGLE][PASS] Addr: 0x000001f8 | Exp: 0xe607dc88 | Got: 0xe607dc88
[SINGLE][PASS] Addr: 0x000001fc | Exp: 0xfa18862c | Got: 0xfa18862c
[SINGLE][PASS] Addr: 0x00000200 | Exp: 0x414ae084 | Got: 0x414ae084
[SINGLE][PASS] Addr: 0x00000204 | Exp: 0x3d292b6e | Got: 0x3d292b6e
[SINGLE][PASS] Addr: 0x00000208 | Exp: 0xe6207763 | Got: 0xe6207763
[SINGLE][PASS] Addr: 0x0000020c | Exp: 0x3a2f4b63 | Got: 0x3a2f4b63
[SINGLE][PASS] Addr: 0x00000210 | Exp: 0xd98d04a8 | Got: 0xd98d04a8
[SINGLE][PASS] Addr: 0x00000214 | Exp: 0xb9e589df | Got: 0xb9e589df
[SINGLE][PASS] Addr: 0x00000218 | Exp: 0x606ec05b | Got: 0x606ec05b
[SINGLE][PASS] Addr: 0x0000021c | Exp: 0x3111c47a | Got: 0x3111c47a
[SINGLE][PASS] Addr: 0x00000220 | Exp: 0xa454e735 | Got: 0xa454e735
[SINGLE][PASS] Addr: 0x00000224 | Exp: 0x8fc51198 | Got: 0x8fc51198
[SINGLE][PASS] Addr: 0x00000228 | Exp: 0x8c201b8c | Got: 0x8c201b8c
[SINGLE][PASS] Addr: 0x0000022c | Exp: 0xda580e3b | Got: 0xda580e3b
[SINGLE][PASS] Addr: 0x00000230 | Exp: 0x645ce2fe | Got: 0x645ce2fe
[SINGLE][PASS] Addr: 0x00000234 | Exp: 0x8822468b | Got: 0x8822468b
[SINGLE][PASS] Addr: 0x00000238 | Exp: 0xb35eecdf | Got: 0xb35eecdf
[SINGLE][PASS] Addr: 0x0000023c | Exp: 0x63f94520 | Got: 0x63f94520
[SINGLE][PASS] Addr: 0x00000240 | Exp: 0x551c8d62 | Got: 0x551c8d62
[SINGLE][PASS] Addr: 0x00000244 | Exp: 0x6a6d9514 | Got: 0x6a6d9514
[SINGLE][PASS] Addr: 0x00000248 | Exp: 0xbacf9988 | Got: 0xbacf9988
[SINGLE][PASS] Addr: 0x0000024c | Exp: 0xe1c4c2ca | Got: 0xe1c4c2ca
[SINGLE][PASS] Addr: 0x00000250 | Exp: 0xea498fca | Got: 0xea498fca
[SINGLE][PASS] Addr: 0x00000254 | Exp: 0xa7b6277d | Got: 0xa7b6277d
[SINGLE][PASS] Addr: 0x00000258 | Exp: 0x9915b987 | Got: 0x9915b987
[SINGLE][PASS] Addr: 0x0000025c | Exp: 0x70e70b8a | Got: 0x70e70b8a
[SINGLE][PASS] Addr: 0x00000260 | Exp: 0x7f51b12d | Got: 0x7f51b12d
[SINGLE][PASS] Addr: 0x00000264 | Exp: 0x76276b7c | Got: 0x76276b7c
[SINGLE][PASS] Addr: 0x00000268 | Exp: 0xbe4d7928 | Got: 0xbe4d7928
[SINGLE][PASS] Addr: 0x0000026c | Exp: 0xcb6b6bda | Got: 0xcb6b6bda
[SINGLE][PASS] Addr: 0x00000270 | Exp: 0xf6e10f8d | Got: 0xf6e10f8d
[SINGLE][PASS] Addr: 0x00000274 | Exp: 0x5c8847b1 | Got: 0x5c8847b1
[SINGLE][PASS] Addr: 0x00000278 | Exp: 0x6b912a85 | Got: 0x6b912a85
[SINGLE][PASS] Addr: 0x0000027c | Exp: 0x4bb345e2 | Got: 0x4bb345e2
[SINGLE][PASS] Addr: 0x00000280 | Exp: 0x4a618979 | Got: 0x4a618979
[SINGLE][PASS] Addr: 0x00000284 | Exp: 0x2dba012b | Got: 0x2dba012b
[SINGLE][PASS] Addr: 0x00000288 | Exp: 0xfa780701 | Got: 0xfa780701
[SINGLE][PASS] Addr: 0x0000028c | Exp: 0x60020ef6 | Got: 0x60020ef6
[SINGLE][PASS] Addr: 0x00000290 | Exp: 0x0975578c | Got: 0x0975578c
[SINGLE][PASS] Addr: 0x00000294 | Exp: 0x743ed0e3 | Got: 0x743ed0e3
[SINGLE][PASS] Addr: 0x00000298 | Exp: 0x149320cd | Got: 0x149320cd
[SINGLE][PASS] Addr: 0x0000029c | Exp: 0x6df3fd15 | Got: 0x6df3fd15
[SINGLE][PASS] Addr: 0x000002a0 | Exp: 0xc97dd5eb | Got: 0xc97dd5eb
[SINGLE][PASS] Addr: 0x000002a4 | Exp: 0x4dae293d | Got: 0x4dae293d
[SINGLE][PASS] Addr: 0x000002a8 | Exp: 0xdaf08465 | Got: 0xdaf08465
[SINGLE][PASS] Addr: 0x000002ac | Exp: 0x26006469 | Got: 0x26006469
[SINGLE][PASS] Addr: 0x000002b0 | Exp: 0x85137dc8 | Got: 0x85137dc8
[SINGLE][PASS] Addr: 0x000002b4 | Exp: 0xb640ab8c | Got: 0xb640ab8c
[SINGLE][PASS] Addr: 0x000002b8 | Exp: 0xfd988a12 | Got: 0xfd988a12
[SINGLE][PASS] Addr: 0x000002bc | Exp: 0x46fec4cb | Got: 0x46fec4cb
[SINGLE][PASS] Addr: 0x000002c0 | Exp: 0xeb920ee3 | Got: 0xeb920ee3
[SINGLE][PASS] Addr: 0x000002c4 | Exp: 0x4448cd8d | Got: 0x4448cd8d
[SINGLE][PASS] Addr: 0x000002c8 | Exp: 0xc3135768 | Got: 0xc3135768
[SINGLE][PASS] Addr: 0x000002cc | Exp: 0xd19e873f | Got: 0xd19e873f
[SINGLE][PASS] Addr: 0x000002d0 | Exp: 0xa08be906 | Got: 0xa08be906
[SINGLE][PASS] Addr: 0x000002d4 | Exp: 0x53b42ee8 | Got: 0x53b42ee8
[SINGLE][PASS] Addr: 0x000002d8 | Exp: 0xffe190c7 | Got: 0xffe190c7
[SINGLE][PASS] Addr: 0x000002dc | Exp: 0xabec6b72 | Got: 0xabec6b72
[SINGLE][PASS] Addr: 0x000002e0 | Exp: 0x6b4f9587 | Got: 0x6b4f9587
[SINGLE][PASS] Addr: 0x000002e4 | Exp: 0xa1909eb4 | Got: 0xa1909eb4
[SINGLE][PASS] Addr: 0x000002e8 | Exp: 0xfe003adc | Got: 0xfe003adc
[SINGLE][PASS] Addr: 0x000002ec | Exp: 0xb4d2a541 | Got: 0xb4d2a541
[SINGLE][PASS] Addr: 0x000002f0 | Exp: 0x566a80c8 | Got: 0x566a80c8
[SINGLE][PASS] Addr: 0x000002f4 | Exp: 0x5783d0f2 | Got: 0x5783d0f2
[SINGLE][PASS] Addr: 0x000002f8 | Exp: 0x546bcc1f | Got: 0x546bcc1f
[SINGLE][PASS] Addr: 0x000002fc | Exp: 0x4793aa33 | Got: 0x4793aa33
[SINGLE][PASS] Addr: 0x00000300 | Exp: 0xbf24e3b7 | Got: 0xbf24e3b7
[SINGLE][PASS] Addr: 0x00000304 | Exp: 0x874ec40f | Got: 0x874ec40f
[SINGLE][PASS] Addr: 0x00000308 | Exp: 0xae976e54 | Got: 0xae976e54
[SINGLE][PASS] Addr: 0x0000030c | Exp: 0x2f52aefc | Got: 0x2f52aefc
[SINGLE][PASS] Addr: 0x00000310 | Exp: 0x5501dd50 | Got: 0x5501dd50
[SINGLE][PASS] Addr: 0x00000314 | Exp: 0x1651d665 | Got: 0x1651d665
[SINGLE][PASS] Addr: 0x00000318 | Exp: 0x83f7700c | Got: 0x83f7700c
[SINGLE][PASS] Addr: 0x0000031c | Exp: 0x0a8bd4fa | Got: 0x0a8bd4fa
[SINGLE][PASS] Addr: 0x00000320 | Exp: 0x0941bc19 | Got: 0x0941bc19
[SINGLE][PASS] Addr: 0x00000324 | Exp: 0x19088bb9 | Got: 0x19088bb9
[SINGLE][PASS] Addr: 0x00000328 | Exp: 0xbf77e623 | Got: 0xbf77e623
[SINGLE][PASS] Addr: 0x0000032c | Exp: 0x1e9607ba | Got: 0x1e9607ba
[SINGLE][PASS] Addr: 0x00000330 | Exp: 0xee5e77a3 | Got: 0xee5e77a3
[SINGLE][PASS] Addr: 0x00000334 | Exp: 0x9e8802bc | Got: 0x9e8802bc
[SINGLE][PASS] Addr: 0x00000338 | Exp: 0x57027d42 | Got: 0x57027d42
[SINGLE][PASS] Addr: 0x0000033c | Exp: 0x9b2a8a72 | Got: 0x9b2a8a72
[SINGLE][PASS] Addr: 0x00000340 | Exp: 0x07925a0e | Got: 0x07925a0e
[SINGLE][PASS] Addr: 0x00000344 | Exp: 0xec041a8c | Got: 0xec041a8c
[SINGLE][PASS] Addr: 0x00000348 | Exp: 0xd2fe7b5d | Got: 0xd2fe7b5d
[SINGLE][PASS] Addr: 0x0000034c | Exp: 0x4dd63586 | Got: 0x4dd63586
[SINGLE][PASS] Addr: 0x00000350 | Exp: 0x0851d983 | Got: 0x0851d983
[SINGLE][PASS] Addr: 0x00000354 | Exp: 0x284d4832 | Got: 0x284d4832
[SINGLE][PASS] Addr: 0x00000358 | Exp: 0xc5cdf134 | Got: 0xc5cdf134
[SINGLE][PASS] Addr: 0x0000035c | Exp: 0xc5876405 | Got: 0xc5876405
[SINGLE][PASS] Addr: 0x00000360 | Exp: 0x03c9a1b9 | Got: 0x03c9a1b9
[SINGLE][PASS] Addr: 0x00000364 | Exp: 0x774b1c23 | Got: 0x774b1c23
[SINGLE][PASS] Addr: 0x00000368 | Exp: 0x334c1bd4 | Got: 0x334c1bd4
[SINGLE][PASS] Addr: 0x0000036c | Exp: 0xe607912b | Got: 0xe607912b
[SINGLE][PASS] Addr: 0x00000370 | Exp: 0x0c67cd73 | Got: 0x0c67cd73
[SINGLE][PASS] Addr: 0x00000374 | Exp: 0x858777c2 | Got: 0x858777c2
[SINGLE][PASS] Addr: 0x00000378 | Exp: 0xe855f615 | Got: 0xe855f615
[SINGLE][PASS] Addr: 0x0000037c | Exp: 0xeb79a5df | Got: 0xeb79a5df
[SINGLE][PASS] Addr: 0x00000380 | Exp: 0xc3534ffe | Got: 0xc3534ffe
[SINGLE][PASS] Addr: 0x00000384 | Exp: 0x83a372da | Got: 0x83a372da
[SINGLE][PASS] Addr: 0x00000388 | Exp: 0xc23ffa1c | Got: 0xc23ffa1c
[SINGLE][PASS] Addr: 0x0000038c | Exp: 0xdde0f634 | Got: 0xdde0f634
[SINGLE][PASS] Addr: 0x00000390 | Exp: 0xd7f18eb6 | Got: 0xd7f18eb6
[SINGLE][PASS] Addr: 0x00000394 | Exp: 0x91def126 | Got: 0x91def126
[SINGLE][PASS] Addr: 0x00000398 | Exp: 0xe65a12d8 | Got: 0xe65a12d8
[SINGLE][PASS] Addr: 0x0000039c | Exp: 0x7498eeeb | Got: 0x7498eeeb
[SINGLE][PASS] Addr: 0x000003a0 | Exp: 0x77602a80 | Got: 0x77602a80
[SINGLE][PASS] Addr: 0x000003a4 | Exp: 0x9b93e7cb | Got: 0x9b93e7cb
[SINGLE][PASS] Addr: 0x000003a8 | Exp: 0xe976bd86 | Got: 0xe976bd86
[SINGLE][PASS] Addr: 0x000003ac | Exp: 0x69da72ed | Got: 0x69da72ed
[SINGLE][PASS] Addr: 0x000003b0 | Exp: 0xabfdf94e | Got: 0xabfdf94e
[SINGLE][PASS] Addr: 0x000003b4 | Exp: 0xa2b952db | Got: 0xa2b952db
[SINGLE][PASS] Addr: 0x000003b8 | Exp: 0xe75c5b2f | Got: 0xe75c5b2f
[SINGLE][PASS] Addr: 0x000003bc | Exp: 0x3e3be8d3 | Got: 0x3e3be8d3
[SINGLE][PASS] Addr: 0x000003c0 | Exp: 0xacdf2fa1 | Got: 0xacdf2fa1
[SINGLE][PASS] Addr: 0x000003c4 | Exp: 0x7b63dad2 | Got: 0x7b63dad2
[SINGLE][PASS] Addr: 0x000003c8 | Exp: 0x8a51b227 | Got: 0x8a51b227
[SINGLE][PASS] Addr: 0x000003cc | Exp: 0x6c2bf860 | Got: 0x6c2bf860
[SINGLE][PASS] Addr: 0x000003d0 | Exp: 0x1d5aba00 | Got: 0x1d5aba00
[SINGLE][PASS] Addr: 0x000003d4 | Exp: 0xf73e2a1a | Got: 0xf73e2a1a
[SINGLE][PASS] Addr: 0x000003d8 | Exp: 0x02989f8f | Got: 0x02989f8f
[SINGLE][PASS] Addr: 0x000003dc | Exp: 0x0b77f803 | Got: 0x0b77f803
[SINGLE][PASS] Addr: 0x000003e0 | Exp: 0x3c7ec684 | Got: 0x3c7ec684
[SINGLE][PASS] Addr: 0x000003e4 | Exp: 0x8118f289 | Got: 0x8118f289
[SINGLE][PASS] Addr: 0x000003e8 | Exp: 0xedeff8d1 | Got: 0xedeff8d1
[SINGLE][PASS] Addr: 0x000003ec | Exp: 0xe4c90a58 | Got: 0xe4c90a58
[SINGLE][PASS] Addr: 0x000003f0 | Exp: 0x04987e4f | Got: 0x04987e4f
[SINGLE][PASS] Addr: 0x000003f4 | Exp: 0x2855a2e0 | Got: 0x2855a2e0
[SINGLE][PASS] Addr: 0x000003f8 | Exp: 0x2f0f9d29 | Got: 0x2f0f9d29
[SINGLE][PASS] Addr: 0x000003fc | Exp: 0xf525eba6 | Got: 0xf525eba6
[SINGLE][PASS] Addr: 0x00000000 | Exp: 0x3aaeef0d | Got: 0x3aaeef0d
[SINGLE][PASS] Addr: 0x00000004 | Exp: 0x1c7acc4c | Got: 0x1c7acc4c
[SINGLE][PASS] Addr: 0x00000008 | Exp: 0xb52eb718 | Got: 0xb52eb718
[SINGLE][PASS] Addr: 0x0000000c | Exp: 0x616c6f60 | Got: 0x616c6f60
[SINGLE][PASS] Addr: 0x00000010 | Exp: 0x6e04247c | Got: 0x6e04247c
[SINGLE][PASS] Addr: 0x00000014 | Exp: 0x98a537e6 | Got: 0x98a537e6
[SINGLE][PASS] Addr: 0x00000018 | Exp: 0x337e2df0 | Got: 0x337e2df0
[SINGLE][PASS] Addr: 0x0000001c | Exp: 0xd9dcada6 | Got: 0xd9dcada6
[SINGLE][PASS] Addr: 0x00000020 | Exp: 0xe79c71df | Got: 0xe79c71df
[SINGLE][PASS] Addr: 0x00000024 | Exp: 0x3f11ac35 | Got: 0x3f11ac35
[SINGLE][PASS] Addr: 0x00000028 | Exp: 0xc8ad474e | Got: 0xc8ad474e
[SINGLE][PASS] Addr: 0x0000002c | Exp: 0x6d8ce0c3 | Got: 0x6d8ce0c3
[SINGLE][PASS] Addr: 0x00000030 | Exp: 0x89afeb8b | Got: 0x89afeb8b
[SINGLE][PASS] Addr: 0x00000034 | Exp: 0xe49462a9 | Got: 0xe49462a9
[SINGLE][PASS] Addr: 0x00000038 | Exp: 0x96657899 | Got: 0x96657899
[SINGLE][PASS] Addr: 0x0000003c | Exp: 0xcdf1f2af | Got: 0xcdf1f2af
[SINGLE][PASS] Addr: 0x00000040 | Exp: 0x9f37105c | Got: 0x9f37105c
[SINGLE][PASS] Addr: 0x00000044 | Exp: 0xcc222d1f | Got: 0xcc222d1f
[SINGLE][PASS] Addr: 0x00000048 | Exp: 0x48cc6886 | Got: 0x48cc6886
[SINGLE][PASS] Addr: 0x0000004c | Exp: 0x025eba8d | Got: 0x025eba8d
[SINGLE][PASS] Addr: 0x00000050 | Exp: 0x9b67a33f | Got: 0x9b67a33f
[SINGLE][PASS] Addr: 0x00000054 | Exp: 0x524a4b62 | Got: 0x524a4b62
[SINGLE][PASS] Addr: 0x00000058 | Exp: 0x8e042095 | Got: 0x8e042095
[SINGLE][PASS] Addr: 0x0000005c | Exp: 0x8b7dea2c | Got: 0x8b7dea2c
[SINGLE][PASS] Addr: 0x00000060 | Exp: 0xc930b4a8 | Got: 0xc930b4a8
[SINGLE][PASS] Addr: 0x00000064 | Exp: 0x08b6f0a6 | Got: 0x08b6f0a6
[SINGLE][PASS] Addr: 0x00000068 | Exp: 0x7daa6e93 | Got: 0x7daa6e93
[SINGLE][PASS] Addr: 0x0000006c | Exp: 0xf6d9ab87 | Got: 0xf6d9ab87
[SINGLE][PASS] Addr: 0x00000070 | Exp: 0xeabcdc1b | Got: 0xeabcdc1b
[SINGLE][PASS] Addr: 0x00000074 | Exp: 0x41ae790d | Got: 0x41ae790d
[SINGLE][PASS] Addr: 0x00000078 | Exp: 0xf0587619 | Got: 0xf0587619
[SINGLE][PASS] Addr: 0x0000007c | Exp: 0xe257ee47 | Got: 0xe257ee47
[SINGLE][PASS] Addr: 0x00000080 | Exp: 0xc8f4a1a6 | Got: 0xc8f4a1a6
[SINGLE][PASS] Addr: 0x00000084 | Exp: 0x0b934f24 | Got: 0x0b934f24
[SINGLE][PASS] Addr: 0x00000088 | Exp: 0xc7257209 | Got: 0xc7257209
[SINGLE][PASS] Addr: 0x0000008c | Exp: 0x6fb6653e | Got: 0x6fb6653e
[SINGLE][PASS] Addr: 0x00000090 | Exp: 0xb2fb1762 | Got: 0xb2fb1762
[SINGLE][PASS] Addr: 0x00000094 | Exp: 0x9c668165 | Got: 0x9c668165
[SINGLE][PASS] Addr: 0x00000098 | Exp: 0x2321a616 | Got: 0x2321a616
[SINGLE][PASS] Addr: 0x0000009c | Exp: 0x281533ec | Got: 0x281533ec
[SINGLE][PASS] Addr: 0x000000a0 | Exp: 0xedb3a2f8 | Got: 0xedb3a2f8
[SINGLE][PASS] Addr: 0x000000a4 | Exp: 0x2d4007b5 | Got: 0x2d4007b5
[SINGLE][PASS] Addr: 0x000000a8 | Exp: 0x8cdc803a | Got: 0x8cdc803a
[SINGLE][PASS] Addr: 0x000000ac | Exp: 0x4f6b4bfc | Got: 0x4f6b4bfc
[SINGLE][PASS] Addr: 0x000000b0 | Exp: 0x1335f718 | Got: 0x1335f718
[SINGLE][PASS] Addr: 0x000000b4 | Exp: 0x45d9b8e5 | Got: 0x45d9b8e5
[SINGLE][PASS] Addr: 0x000000b8 | Exp: 0x0bdfea3f | Got: 0x0bdfea3f
[SINGLE][PASS] Addr: 0x000000bc | Exp: 0xa80e7ac6 | Got: 0xa80e7ac6
[SINGLE][PASS] Addr: 0x000000c0 | Exp: 0x625b3d01 | Got: 0x625b3d01
[SINGLE][PASS] Addr: 0x000000c4 | Exp: 0x7804f033 | Got: 0x7804f033
[SINGLE][PASS] Addr: 0x000000c8 | Exp: 0x2e2fcb39 | Got: 0x2e2fcb39
[SINGLE][PASS] Addr: 0x000000cc | Exp: 0xa62e26cc | Got: 0xa62e26cc
[SINGLE][PASS] Addr: 0x000000d0 | Exp: 0xfe386dfe | Got: 0xfe386dfe
[SINGLE][PASS] Addr: 0x000000d4 | Exp: 0x8b2fe2c8 | Got: 0x8b2fe2c8
[SINGLE][PASS] Addr: 0x000000d8 | Exp: 0xffcfb909 | Got: 0xffcfb909
[SINGLE][PASS] Addr: 0x000000dc | Exp: 0x1359bd3f | Got: 0x1359bd3f
[SINGLE][PASS] Addr: 0x000000e0 | Exp: 0x1d9ddce5 | Got: 0x1d9ddce5
[SINGLE][PASS] Addr: 0x000000e4 | Exp: 0x17e6a539 | Got: 0x17e6a539
[SINGLE][PASS] Addr: 0x000000e8 | Exp: 0xf23cd9da | Got: 0xf23cd9da
[SINGLE][PASS] Addr: 0x000000ec | Exp: 0x21f8cf79 | Got: 0x21f8cf79
[SINGLE][PASS] Addr: 0x000000f0 | Exp: 0x2a94ef98 | Got: 0x2a94ef98
[SINGLE][PASS] Addr: 0x000000f4 | Exp: 0x934fe109 | Got: 0x934fe109
[SINGLE][PASS] Addr: 0x000000f8 | Exp: 0xb3f1f5a5 | Got: 0xb3f1f5a5
[SINGLE][PASS] Addr: 0x000000fc | Exp: 0xf0cee083 | Got: 0xf0cee083
[SINGLE][PASS] Addr: 0x00000100 | Exp: 0xd1e60887 | Got: 0xd1e60887
[SINGLE][PASS] Addr: 0x00000104 | Exp: 0xcaae3a23 | Got: 0xcaae3a23
[SINGLE][PASS] Addr: 0x00000108 | Exp: 0xf7e3b7af | Got: 0xf7e3b7af
[SINGLE][PASS] Addr: 0x0000010c | Exp: 0x7e7ee28f | Got: 0x7e7ee28f
[SINGLE][PASS] Addr: 0x00000110 | Exp: 0x0296a02a | Got: 0x0296a02a
[SINGLE][PASS] Addr: 0x00000114 | Exp: 0xcee06462 | Got: 0xcee06462
[SINGLE][PASS] Addr: 0x00000118 | Exp: 0x2d042007 | Got: 0x2d042007
[SINGLE][PASS] Addr: 0x0000011c | Exp: 0x0d03647d | Got: 0x0d03647d
[SINGLE][PASS] Addr: 0x00000120 | Exp: 0xdd668e89 | Got: 0xdd668e89
[SINGLE][PASS] Addr: 0x00000124 | Exp: 0x4fe1e90b | Got: 0x4fe1e90b
[SINGLE][PASS] Addr: 0x00000128 | Exp: 0x25c3250b | Got: 0x25c3250b
[SINGLE][PASS] Addr: 0x0000012c | Exp: 0xf5386f57 | Got: 0xf5386f57
[SINGLE][PASS] Addr: 0x00000130 | Exp: 0x944f84b5 | Got: 0x944f84b5
[SINGLE][PASS] Addr: 0x00000134 | Exp: 0x68489c50 | Got: 0x68489c50
[SINGLE][PASS] Addr: 0x00000138 | Exp: 0xaf8884e2 | Got: 0xaf8884e2
[SINGLE][PASS] Addr: 0x0000013c | Exp: 0xea5013d7 | Got: 0xea5013d7
[SINGLE][PASS] Addr: 0x00000140 | Exp: 0x3a0bb64e | Got: 0x3a0bb64e
[SINGLE][PASS] Addr: 0x00000144 | Exp: 0xd8c8c2cd | Got: 0xd8c8c2cd
[SINGLE][PASS] Addr: 0x00000148 | Exp: 0x1a39c702 | Got: 0x1a39c702
[SINGLE][PASS] Addr: 0x0000014c | Exp: 0xad5da7de | Got: 0xad5da7de
[SINGLE][PASS] Addr: 0x00000150 | Exp: 0x818db2fe | Got: 0x818db2fe
[SINGLE][PASS] Addr: 0x00000154 | Exp: 0xb3afe70d | Got: 0xb3afe70d
[SINGLE][PASS] Addr: 0x00000158 | Exp: 0xafba6da9 | Got: 0xafba6da9
[SINGLE][PASS] Addr: 0x0000015c | Exp: 0x30cbb3fd | Got: 0x30cbb3fd
[SINGLE][PASS] Addr: 0x00000160 | Exp: 0x6d856ffb | Got: 0x6d856ffb
[SINGLE][PASS] Addr: 0x00000164 | Exp: 0x78685f03 | Got: 0x78685f03
[SINGLE][PASS] Addr: 0x00000168 | Exp: 0x1b675766 | Got: 0x1b675766
[SINGLE][PASS] Addr: 0x0000016c | Exp: 0x2be390ee | Got: 0x2be390ee
[SINGLE][PASS] Addr: 0x00000170 | Exp: 0xefe08187 | Got: 0xefe08187
[SINGLE][PASS] Addr: 0x00000174 | Exp: 0x9efb8193 | Got: 0x9efb8193
[SINGLE][PASS] Addr: 0x00000178 | Exp: 0xc19a508f | Got: 0xc19a508f
[SINGLE][PASS] Addr: 0x0000017c | Exp: 0x1e4bb51a | Got: 0x1e4bb51a
[SINGLE][PASS] Addr: 0x00000180 | Exp: 0x79438470 | Got: 0x79438470
[SINGLE][PASS] Addr: 0x00000184 | Exp: 0x938a8c09 | Got: 0x938a8c09
[SINGLE][PASS] Addr: 0x00000188 | Exp: 0x0729d4ca | Got: 0x0729d4ca
[SINGLE][PASS] Addr: 0x0000018c | Exp: 0xc383b212 | Got: 0xc383b212
[SINGLE][PASS] Addr: 0x00000190 | Exp: 0x7895b792 | Got: 0x7895b792
[SINGLE][PASS] Addr: 0x00000194 | Exp: 0x21d4379e | Got: 0x21d4379e
[SINGLE][PASS] Addr: 0x00000198 | Exp: 0x88e70086 | Got: 0x88e70086
[SINGLE][PASS] Addr: 0x0000019c | Exp: 0xf668e218 | Got: 0xf668e218
[SINGLE][PASS] Addr: 0x000001a0 | Exp: 0xca74c553 | Got: 0xca74c553
[SINGLE][PASS] Addr: 0x000001a4 | Exp: 0x50b4fef9 | Got: 0x50b4fef9
[SINGLE][PASS] Addr: 0x000001a8 | Exp: 0x4321b281 | Got: 0x4321b281
[SINGLE][PASS] Addr: 0x000001ac | Exp: 0x04b2c596 | Got: 0x04b2c596
[SINGLE][PASS] Addr: 0x000001b0 | Exp: 0x18bdbd24 | Got: 0x18bdbd24
[SINGLE][PASS] Addr: 0x000001b4 | Exp: 0xada013aa | Got: 0xada013aa
[SINGLE][PASS] Addr: 0x000001b8 | Exp: 0xa920dd42 | Got: 0xa920dd42
[SINGLE][PASS] Addr: 0x000001bc | Exp: 0x727810a3 | Got: 0x727810a3
[SINGLE][PASS] Addr: 0x000001c0 | Exp: 0x2a073d04 | Got: 0x2a073d04
[SINGLE][PASS] Addr: 0x000001c4 | Exp: 0x082d03ae | Got: 0x082d03ae
[SINGLE][PASS] Addr: 0x000001c8 | Exp: 0xacac089f | Got: 0xacac089f
[SINGLE][PASS] Addr: 0x000001cc | Exp: 0x2da96883 | Got: 0x2da96883
[SINGLE][PASS] Addr: 0x000001d0 | Exp: 0x2126caff | Got: 0x2126caff
[SINGLE][PASS] Addr: 0x000001d4 | Exp: 0x9d880ef0 | Got: 0x9d880ef0
[SINGLE][PASS] Addr: 0x000001d8 | Exp: 0xb5840336 | Got: 0xb5840336
[SINGLE][PASS] Addr: 0x000001dc | Exp: 0x3192d126 | Got: 0x3192d126
[SINGLE][PASS] Addr: 0x000001e0 | Exp: 0xacaa5ea9 | Got: 0xacaa5ea9
[SINGLE][PASS] Addr: 0x000001e4 | Exp: 0xb3fc2cc4 | Got: 0xb3fc2cc4
[SINGLE][PASS] Addr: 0x000001e8 | Exp: 0x88e9c3f6 | Got: 0x88e9c3f6
[SINGLE][PASS] Addr: 0x000001ec | Exp: 0x9a5dcaa6 | Got: 0x9a5dcaa6
[SINGLE][PASS] Addr: 0x000001f0 | Exp: 0x265f1aa5 | Got: 0x265f1aa5
[SINGLE][PASS] Addr: 0x000001f4 | Exp: 0xa670c16c | Got: 0xa670c16c
[SINGLE][PASS] Addr: 0x000001f8 | Exp: 0x21137b95 | Got: 0x21137b95
[SINGLE][PASS] Addr: 0x000001fc | Exp: 0x288e1ecb | Got: 0x288e1ecb
[SINGLE][PASS] Addr: 0x00000200 | Exp: 0xa2cd3623 | Got: 0xa2cd3623
[SINGLE][PASS] Addr: 0x00000204 | Exp: 0x5fe80395 | Got: 0x5fe80395
[SINGLE][PASS] Addr: 0x00000208 | Exp: 0x74b8d619 | Got: 0x74b8d619
[SINGLE][PASS] Addr: 0x0000020c | Exp: 0x34865e89 | Got: 0x34865e89
[SINGLE][PASS] Addr: 0x00000210 | Exp: 0xf0b7165b | Got: 0xf0b7165b
[SINGLE][PASS] Addr: 0x00000214 | Exp: 0x470211d9 | Got: 0x470211d9
[SINGLE][PASS] Addr: 0x00000218 | Exp: 0x2e8a6c52 | Got: 0x2e8a6c52
[SINGLE][PASS] Addr: 0x0000021c | Exp: 0x12020f7e | Got: 0x12020f7e
[SINGLE][PASS] Addr: 0x00000220 | Exp: 0x889f9815 | Got: 0x889f9815
[SINGLE][PASS] Addr: 0x00000224 | Exp: 0x9978b83d | Got: 0x9978b83d
[SINGLE][PASS] Addr: 0x00000228 | Exp: 0x54b7655c | Got: 0x54b7655c
[SINGLE][PASS] Addr: 0x0000022c | Exp: 0xe39b8977 | Got: 0xe39b8977
[SINGLE][PASS] Addr: 0x00000230 | Exp: 0x6c3e8923 | Got: 0x6c3e8923
[SINGLE][PASS] Addr: 0x00000234 | Exp: 0x37a3e5b2 | Got: 0x37a3e5b2
[SINGLE][PASS] Addr: 0x00000238 | Exp: 0xe069481f | Got: 0xe069481f
[SINGLE][PASS] Addr: 0x0000023c | Exp: 0xde4583ea | Got: 0xde4583ea
[SINGLE][PASS] Addr: 0x00000240 | Exp: 0xf60e51e3 | Got: 0xf60e51e3
[SINGLE][PASS] Addr: 0x00000244 | Exp: 0xdff4d196 | Got: 0xdff4d196
[SINGLE][PASS] Addr: 0x00000248 | Exp: 0x4545fcd0 | Got: 0x4545fcd0
[SINGLE][PASS] Addr: 0x0000024c | Exp: 0xfcd3537b | Got: 0xfcd3537b
[SINGLE][PASS] Addr: 0x00000250 | Exp: 0x98c2cec0 | Got: 0x98c2cec0
[SINGLE][PASS] Addr: 0x00000254 | Exp: 0xda7ad132 | Got: 0xda7ad132
[SINGLE][PASS] Addr: 0x00000258 | Exp: 0xe8effe70 | Got: 0xe8effe70
[SINGLE][PASS] Addr: 0x0000025c | Exp: 0x236fd779 | Got: 0x236fd779
[SINGLE][PASS] Addr: 0x00000260 | Exp: 0x8eca59b0 | Got: 0x8eca59b0
[SINGLE][PASS] Addr: 0x00000264 | Exp: 0x1461dd3c | Got: 0x1461dd3c
[SINGLE][PASS] Addr: 0x00000268 | Exp: 0x8a83bc4b | Got: 0x8a83bc4b
[SINGLE][PASS] Addr: 0x0000026c | Exp: 0xb3241760 | Got: 0xb3241760
[SINGLE][PASS] Addr: 0x00000270 | Exp: 0x79d203b5 | Got: 0x79d203b5
[SINGLE][PASS] Addr: 0x00000274 | Exp: 0xab6fc754 | Got: 0xab6fc754
[SINGLE][PASS] Addr: 0x00000278 | Exp: 0x9a1b2b78 | Got: 0x9a1b2b78
[SINGLE][PASS] Addr: 0x0000027c | Exp: 0x8d569057 | Got: 0x8d569057
[SINGLE][PASS] Addr: 0x00000280 | Exp: 0xf242fe5e | Got: 0xf242fe5e
[SINGLE][PASS] Addr: 0x00000284 | Exp: 0xe9881f89 | Got: 0xe9881f89
[SINGLE][PASS] Addr: 0x00000288 | Exp: 0x804d885d | Got: 0x804d885d
[SINGLE][PASS] Addr: 0x0000028c | Exp: 0x874732b2 | Got: 0x874732b2
[SINGLE][PASS] Addr: 0x00000290 | Exp: 0x06be3545 | Got: 0x06be3545
[SINGLE][PASS] Addr: 0x00000294 | Exp: 0xb029c9d3 | Got: 0xb029c9d3
[SINGLE][PASS] Addr: 0x00000298 | Exp: 0xd5ac482a | Got: 0xd5ac482a
[SINGLE][PASS] Addr: 0x0000029c | Exp: 0x4d920f6f | Got: 0x4d920f6f
[SINGLE][PASS] Addr: 0x000002a0 | Exp: 0xaba51791 | Got: 0xaba51791
[SINGLE][PASS] Addr: 0x000002a4 | Exp: 0x53ee4398 | Got: 0x53ee4398
[SINGLE][PASS] Addr: 0x000002a8 | Exp: 0x8a453a5b | Got: 0x8a453a5b
[SINGLE][PASS] Addr: 0x000002ac | Exp: 0xb7b1b5bb | Got: 0xb7b1b5bb
[SINGLE][PASS] Addr: 0x000002b0 | Exp: 0x1a939173 | Got: 0x1a939173
[SINGLE][PASS] Addr: 0x000002b4 | Exp: 0xe80f992a | Got: 0xe80f992a
[SINGLE][PASS] Addr: 0x000002b8 | Exp: 0xfd21da38 | Got: 0xfd21da38
[SINGLE][PASS] Addr: 0x000002bc | Exp: 0x8b79406c | Got: 0x8b79406c
[SINGLE][PASS] Addr: 0x000002c0 | Exp: 0x21e135ab | Got: 0x21e135ab
[SINGLE][PASS] Addr: 0x000002c4 | Exp: 0xf9dc0b45 | Got: 0xf9dc0b45
[SINGLE][PASS] Addr: 0x000002c8 | Exp: 0x03c7d057 | Got: 0x03c7d057
[SINGLE][PASS] Addr: 0x000002cc | Exp: 0xb09a1385 | Got: 0xb09a1385
[SINGLE][PASS] Addr: 0x000002d0 | Exp: 0x64229702 | Got: 0x64229702
[SINGLE][PASS] Addr: 0x000002d4 | Exp: 0xbc476493 | Got: 0xbc476493
[SINGLE][PASS] Addr: 0x000002d8 | Exp: 0xe1b9a417 | Got: 0xe1b9a417
[SINGLE][PASS] Addr: 0x000002dc | Exp: 0xd42249b8 | Got: 0xd42249b8
[SINGLE][PASS] Addr: 0x000002e0 | Exp: 0x87a6d1d0 | Got: 0x87a6d1d0
[SINGLE][PASS] Addr: 0x000002e4 | Exp: 0xa358ff2a | Got: 0xa358ff2a
[SINGLE][PASS] Addr: 0x000002e8 | Exp: 0x2ff49d24 | Got: 0x2ff49d24
[SINGLE][PASS] Addr: 0x000002ec | Exp: 0x7bf9d1de | Got: 0x7bf9d1de
[SINGLE][PASS] Addr: 0x000002f0 | Exp: 0x55f94575 | Got: 0x55f94575
[SINGLE][PASS] Addr: 0x000002f4 | Exp: 0x6fb87a0b | Got: 0x6fb87a0b
[SINGLE][PASS] Addr: 0x000002f8 | Exp: 0xb473d4f8 | Got: 0xb473d4f8
[SINGLE][PASS] Addr: 0x000002fc | Exp: 0x8a653c7e | Got: 0x8a653c7e
[SINGLE][PASS] Addr: 0x00000300 | Exp: 0xcb637de2 | Got: 0xcb637de2
[SINGLE][PASS] Addr: 0x00000304 | Exp: 0xaa291ea3 | Got: 0xaa291ea3
[SINGLE][PASS] Addr: 0x00000308 | Exp: 0x29ab7856 | Got: 0x29ab7856
[SINGLE][PASS] Addr: 0x0000030c | Exp: 0x3185394e | Got: 0x3185394e
[SINGLE][PASS] Addr: 0x00000310 | Exp: 0x16684d10 | Got: 0x16684d10
[SINGLE][PASS] Addr: 0x00000314 | Exp: 0x8f0af64b | Got: 0x8f0af64b
[SINGLE][PASS] Addr: 0x00000318 | Exp: 0xf60e38cf | Got: 0xf60e38cf
[SINGLE][PASS] Addr: 0x0000031c | Exp: 0x56d8c4ab | Got: 0x56d8c4ab
[SINGLE][PASS] Addr: 0x00000320 | Exp: 0x87471485 | Got: 0x87471485
[SINGLE][PASS] Addr: 0x00000324 | Exp: 0x69d68fca | Got: 0x69d68fca
[SINGLE][PASS] Addr: 0x00000328 | Exp: 0xd38aee3f | Got: 0xd38aee3f
[SINGLE][PASS] Addr: 0x0000032c | Exp: 0x66b50521 | Got: 0x66b50521
[SINGLE][PASS] Addr: 0x00000330 | Exp: 0x6f7c3ed4 | Got: 0x6f7c3ed4
[SINGLE][PASS] Addr: 0x00000334 | Exp: 0x60a474d0 | Got: 0x60a474d0
[SINGLE][PASS] Addr: 0x00000338 | Exp: 0x6709684f | Got: 0x6709684f
[SINGLE][PASS] Addr: 0x0000033c | Exp: 0x97d2d8e8 | Got: 0x97d2d8e8
[SINGLE][PASS] Addr: 0x00000340 | Exp: 0xf140e91b | Got: 0xf140e91b
[SINGLE][PASS] Addr: 0x00000344 | Exp: 0xafa74f7a | Got: 0xafa74f7a
[SINGLE][PASS] Addr: 0x00000348 | Exp: 0xc7f16ff2 | Got: 0xc7f16ff2
[SINGLE][PASS] Addr: 0x0000034c | Exp: 0x9ec01363 | Got: 0x9ec01363
[SINGLE][PASS] Addr: 0x00000350 | Exp: 0xbf06bc85 | Got: 0xbf06bc85
[SINGLE][PASS] Addr: 0x00000354 | Exp: 0x54adbfd3 | Got: 0x54adbfd3
[SINGLE][PASS] Addr: 0x00000358 | Exp: 0xf7a3f8ea | Got: 0xf7a3f8ea
[SINGLE][PASS] Addr: 0x0000035c | Exp: 0xd16b6aa1 | Got: 0xd16b6aa1
[SINGLE][PASS] Addr: 0x00000360 | Exp: 0xcafef7c8 | Got: 0xcafef7c8
[SINGLE][PASS] Addr: 0x00000364 | Exp: 0x2aa1e14f | Got: 0x2aa1e14f
[SINGLE][PASS] Addr: 0x00000368 | Exp: 0x48fe8343 | Got: 0x48fe8343
[SINGLE][PASS] Addr: 0x0000036c | Exp: 0xba9c14dd | Got: 0xba9c14dd
[SINGLE][PASS] Addr: 0x00000370 | Exp: 0xe694a8a6 | Got: 0xe694a8a6
[SINGLE][PASS] Addr: 0x00000374 | Exp: 0x750b8050 | Got: 0x750b8050
[SINGLE][PASS] Addr: 0x00000378 | Exp: 0xb7dbacd4 | Got: 0xb7dbacd4
[SINGLE][PASS] Addr: 0x0000037c | Exp: 0x1d791600 | Got: 0x1d791600
[SINGLE][PASS] Addr: 0x00000380 | Exp: 0x51f0156f | Got: 0x51f0156f
[SINGLE][PASS] Addr: 0x00000384 | Exp: 0xdb8dffa4 | Got: 0xdb8dffa4
[SINGLE][PASS] Addr: 0x00000388 | Exp: 0x3090f2c4 | Got: 0x3090f2c4
[SINGLE][PASS] Addr: 0x0000038c | Exp: 0x69023d1c | Got: 0x69023d1c
[SINGLE][PASS] Addr: 0x00000390 | Exp: 0x3b75567b | Got: 0x3b75567b
[SINGLE][PASS] Addr: 0x00000394 | Exp: 0xd565ee03 | Got: 0xd565ee03
[SINGLE][PASS] Addr: 0x00000398 | Exp: 0xc770a301 | Got: 0xc770a301
[SINGLE][PASS] Addr: 0x0000039c | Exp: 0x9b93d1f1 | Got: 0x9b93d1f1
[SINGLE][PASS] Addr: 0x000003a0 | Exp: 0x2f441fb2 | Got: 0x2f441fb2
[SINGLE][PASS] Addr: 0x000003a4 | Exp: 0x84f04b92 | Got: 0x84f04b92
[SINGLE][PASS] Addr: 0x000003a8 | Exp: 0xe047fdc8 | Got: 0xe047fdc8
[SINGLE][PASS] Addr: 0x000003ac | Exp: 0x9667f26a | Got: 0x9667f26a
[SINGLE][PASS] Addr: 0x000003b0 | Exp: 0x76b9ba05 | Got: 0x76b9ba05
[SINGLE][PASS] Addr: 0x000003b4 | Exp: 0x03247f65 | Got: 0x03247f65
[SINGLE][PASS] Addr: 0x000003b8 | Exp: 0x45e18721 | Got: 0x45e18721
[SINGLE][PASS] Addr: 0x000003bc | Exp: 0xe111a01f | Got: 0xe111a01f
[SINGLE][PASS] Addr: 0x000003c0 | Exp: 0x67eb2cf4 | Got: 0x67eb2cf4
[SINGLE][PASS] Addr: 0x000003c4 | Exp: 0x1b13fcf7 | Got: 0x1b13fcf7
[SINGLE][PASS] Addr: 0x000003c8 | Exp: 0x31828862 | Got: 0x31828862
[SINGLE][PASS] Addr: 0x000003cc | Exp: 0xdd037dd3 | Got: 0xdd037dd3
[SINGLE][PASS] Addr: 0x000003d0 | Exp: 0xa52d9809 | Got: 0xa52d9809
[SINGLE][PASS] Addr: 0x000003d4 | Exp: 0x756d99b2 | Got: 0x756d99b2
[SINGLE][PASS] Addr: 0x000003d8 | Exp: 0x426dc1aa | Got: 0x426dc1aa
[SINGLE][PASS] Addr: 0x000003dc | Exp: 0x69093cf5 | Got: 0x69093cf5
[SINGLE][PASS] Addr: 0x000003e0 | Exp: 0x4c92bc59 | Got: 0x4c92bc59
[SINGLE][PASS] Addr: 0x000003e4 | Exp: 0x33fc926b | Got: 0x33fc926b
[SINGLE][PASS] Addr: 0x000003e8 | Exp: 0x655f4b66 | Got: 0x655f4b66
[SINGLE][PASS] Addr: 0x000003ec | Exp: 0xf4cdbb20 | Got: 0xf4cdbb20
[SINGLE][PASS] Addr: 0x000003f0 | Exp: 0x1762b608 | Got: 0x1762b608
[SINGLE][PASS] Addr: 0x000003f4 | Exp: 0xfd2740e5 | Got: 0xfd2740e5
[SINGLE][PASS] Addr: 0x000003f8 | Exp: 0xac12a7ce | Got: 0xac12a7ce
[SINGLE][PASS] Addr: 0x000003fc | Exp: 0x0453cf9d | Got: 0x0453cf9d
[SINGLE][PASS] Addr: 0x00000000 | Exp: 0x69a8e5c4 | Got: 0x69a8e5c4
[SINGLE][PASS] Addr: 0x00000004 | Exp: 0x7772814b | Got: 0x7772814b
[SINGLE][PASS] Addr: 0x00000008 | Exp: 0x14bd0466 | Got: 0x14bd0466
[SINGLE][PASS] Addr: 0x0000000c | Exp: 0x237cc8de | Got: 0x237cc8de
[SINGLE][PASS] Addr: 0x00000010 | Exp: 0x51a70a47 | Got: 0x51a70a47
[SINGLE][PASS] Addr: 0x00000014 | Exp: 0x34fac7b8 | Got: 0x34fac7b8
[SINGLE][PASS] Addr: 0x00000018 | Exp: 0x4191ab7f | Got: 0x4191ab7f
[SINGLE][PASS] Addr: 0x0000001c | Exp: 0x49849a02 | Got: 0x49849a02
[SINGLE][PASS] Addr: 0x00000020 | Exp: 0x775e89d7 | Got: 0x775e89d7
[SINGLE][PASS] Addr: 0x00000024 | Exp: 0x0efce5b2 | Got: 0x0efce5b2
[SINGLE][PASS] Addr: 0x00000028 | Exp: 0x203ca5b5 | Got: 0x203ca5b5
[SINGLE][PASS] Addr: 0x0000002c | Exp: 0xac86b856 | Got: 0xac86b856
[SINGLE][PASS] Addr: 0x00000030 | Exp: 0xfc09ebc7 | Got: 0xfc09ebc7
[SINGLE][PASS] Addr: 0x00000034 | Exp: 0xf14d7fa8 | Got: 0xf14d7fa8
[SINGLE][PASS] Addr: 0x00000038 | Exp: 0x81688b71 | Got: 0x81688b71
[SINGLE][PASS] Addr: 0x0000003c | Exp: 0x04f6a8d1 | Got: 0x04f6a8d1
[SINGLE][PASS] Addr: 0x00000040 | Exp: 0x49a181f6 | Got: 0x49a181f6
[SINGLE][PASS] Addr: 0x00000044 | Exp: 0x15e1327a | Got: 0x15e1327a
[SINGLE][PASS] Addr: 0x00000048 | Exp: 0xa03b8667 | Got: 0xa03b8667
[SINGLE][PASS] Addr: 0x0000004c | Exp: 0x41243d95 | Got: 0x41243d95
[SINGLE][PASS] Addr: 0x00000050 | Exp: 0xd259424d | Got: 0xd259424d
[SINGLE][PASS] Addr: 0x00000054 | Exp: 0xb04668ef | Got: 0xb04668ef
[SINGLE][PASS] Addr: 0x00000058 | Exp: 0x99d68317 | Got: 0x99d68317
[SINGLE][PASS] Addr: 0x0000005c | Exp: 0xa8bd8373 | Got: 0xa8bd8373
[SINGLE][PASS] Addr: 0x00000060 | Exp: 0xc021d043 | Got: 0xc021d043
[SINGLE][PASS] Addr: 0x00000064 | Exp: 0x0928e13e | Got: 0x0928e13e
[SINGLE][PASS] Addr: 0x00000068 | Exp: 0xd4d8924e | Got: 0xd4d8924e
[SINGLE][PASS] Addr: 0x0000006c | Exp: 0x704b5f66 | Got: 0x704b5f66
[SINGLE][PASS] Addr: 0x00000070 | Exp: 0x9425b65b | Got: 0x9425b65b
[SINGLE][PASS] Addr: 0x00000074 | Exp: 0x09cde288 | Got: 0x09cde288
[SINGLE][PASS] Addr: 0x00000078 | Exp: 0x58da7aa4 | Got: 0x58da7aa4
[SINGLE][PASS] Addr: 0x0000007c | Exp: 0xbcb2dc14 | Got: 0xbcb2dc14
[SINGLE][PASS] Addr: 0x00000080 | Exp: 0xb64ccfa2 | Got: 0xb64ccfa2
[SINGLE][PASS] Addr: 0x00000084 | Exp: 0x3798225a | Got: 0x3798225a
[SINGLE][PASS] Addr: 0x00000088 | Exp: 0x15f279fd | Got: 0x15f279fd
[SINGLE][PASS] Addr: 0x0000008c | Exp: 0x16b32752 | Got: 0x16b32752
[SINGLE][PASS] Addr: 0x00000090 | Exp: 0xf4bce134 | Got: 0xf4bce134
[SINGLE][PASS] Addr: 0x00000094 | Exp: 0x1f895a2d | Got: 0x1f895a2d
[SINGLE][PASS] Addr: 0x00000098 | Exp: 0x1c33370a | Got: 0x1c33370a
[SINGLE][PASS] Addr: 0x0000009c | Exp: 0x4e6b3f9e | Got: 0x4e6b3f9e
[SINGLE][PASS] Addr: 0x000000a0 | Exp: 0xf35363b6 | Got: 0xf35363b6
[SINGLE][PASS] Addr: 0x000000a4 | Exp: 0x31b98ce8 | Got: 0x31b98ce8
[SINGLE][PASS] Addr: 0x000000a8 | Exp: 0xc329e2c8 | Got: 0xc329e2c8
[SINGLE][PASS] Addr: 0x000000ac | Exp: 0xced351a5 | Got: 0xced351a5
[SINGLE][PASS] Addr: 0x000000b0 | Exp: 0x8b2d7cda | Got: 0x8b2d7cda
[SINGLE][PASS] Addr: 0x000000b4 | Exp: 0x0ce0fc5b | Got: 0x0ce0fc5b
[SINGLE][PASS] Addr: 0x000000b8 | Exp: 0xc15f89fd | Got: 0xc15f89fd
[SINGLE][PASS] Addr: 0x000000bc | Exp: 0x6140c5be | Got: 0x6140c5be
[SINGLE][PASS] Addr: 0x000000c0 | Exp: 0x1a2328e1 | Got: 0x1a2328e1
[SINGLE][PASS] Addr: 0x000000c4 | Exp: 0x39d0cec3 | Got: 0x39d0cec3
[SINGLE][PASS] Addr: 0x000000c8 | Exp: 0x33db96c0 | Got: 0x33db96c0
[SINGLE][PASS] Addr: 0x000000cc | Exp: 0x60e2fd6b | Got: 0x60e2fd6b
[SINGLE][PASS] Addr: 0x000000d0 | Exp: 0xc2489412 | Got: 0xc2489412
[SINGLE][PASS] Addr: 0x000000d4 | Exp: 0x56fa644b | Got: 0x56fa644b
[SINGLE][PASS] Addr: 0x000000d8 | Exp: 0x959f81f1 | Got: 0x959f81f1
[SINGLE][PASS] Addr: 0x000000dc | Exp: 0x5e47c0dc | Got: 0x5e47c0dc
[SINGLE][PASS] Addr: 0x000000e0 | Exp: 0x996ca446 | Got: 0x996ca446
[SINGLE][PASS] Addr: 0x000000e4 | Exp: 0xb3e65c87 | Got: 0xb3e65c87
[SINGLE][PASS] Addr: 0x000000e8 | Exp: 0xa728b4ba | Got: 0xa728b4ba
[SINGLE][PASS] Addr: 0x000000ec | Exp: 0x32d75c6e | Got: 0x32d75c6e
[SINGLE][PASS] Addr: 0x000000f0 | Exp: 0xc89bb25e | Got: 0xc89bb25e
[SINGLE][PASS] Addr: 0x000000f4 | Exp: 0x5cbd4bf9 | Got: 0x5cbd4bf9
[SINGLE][PASS] Addr: 0x000000f8 | Exp: 0x45f19a16 | Got: 0x45f19a16
[SINGLE][PASS] Addr: 0x000000fc | Exp: 0x84576e26 | Got: 0x84576e26
[SINGLE][PASS] Addr: 0x00000100 | Exp: 0x9b9c73c9 | Got: 0x9b9c73c9
[SINGLE][PASS] Addr: 0x00000104 | Exp: 0x95c1218f | Got: 0x95c1218f
[SINGLE][PASS] Addr: 0x00000108 | Exp: 0x33efe049 | Got: 0x33efe049
[SINGLE][PASS] Addr: 0x0000010c | Exp: 0xb8696339 | Got: 0xb8696339
[SINGLE][PASS] Addr: 0x00000110 | Exp: 0x80751401 | Got: 0x80751401
[SINGLE][PASS] Addr: 0x00000114 | Exp: 0xc6d13c20 | Got: 0xc6d13c20
[SINGLE][PASS] Addr: 0x00000118 | Exp: 0xcf14ea62 | Got: 0xcf14ea62
[SINGLE][PASS] Addr: 0x0000011c | Exp: 0x5808a585 | Got: 0x5808a585
[SINGLE][PASS] Addr: 0x00000120 | Exp: 0xf6e47e0d | Got: 0xf6e47e0d
[SINGLE][PASS] Addr: 0x00000124 | Exp: 0xd6e82ff4 | Got: 0xd6e82ff4
[SINGLE][PASS] Addr: 0x00000128 | Exp: 0xb8cd71bf | Got: 0xb8cd71bf
[SINGLE][PASS] Addr: 0x0000012c | Exp: 0xe30e7917 | Got: 0xe30e7917
[SINGLE][PASS] Addr: 0x00000130 | Exp: 0x6fe5d5fe | Got: 0x6fe5d5fe
[SINGLE][PASS] Addr: 0x00000134 | Exp: 0xf79c3c3c | Got: 0xf79c3c3c
[SINGLE][PASS] Addr: 0x00000138 | Exp: 0x6d865787 | Got: 0x6d865787
[SINGLE][PASS] Addr: 0x0000013c | Exp: 0x13b089a5 | Got: 0x13b089a5
[SINGLE][PASS] Addr: 0x00000140 | Exp: 0x1d312274 | Got: 0x1d312274
[SINGLE][PASS] Addr: 0x00000144 | Exp: 0xe0a27094 | Got: 0xe0a27094
[SINGLE][PASS] Addr: 0x00000148 | Exp: 0xcc24a62f | Got: 0xcc24a62f
[SINGLE][PASS] Addr: 0x0000014c | Exp: 0x91ff2813 | Got: 0x91ff2813
[SINGLE][PASS] Addr: 0x00000150 | Exp: 0xb0bb2618 | Got: 0xb0bb2618
[SINGLE][PASS] Addr: 0x00000154 | Exp: 0x7b478286 | Got: 0x7b478286
[SINGLE][PASS] Addr: 0x00000158 | Exp: 0x8d88c2f7 | Got: 0x8d88c2f7
[SINGLE][PASS] Addr: 0x0000015c | Exp: 0x176737f1 | Got: 0x176737f1
[SINGLE][PASS] Addr: 0x00000160 | Exp: 0x0c336922 | Got: 0x0c336922
[SINGLE][PASS] Addr: 0x00000164 | Exp: 0xfdf65307 | Got: 0xfdf65307
[SINGLE][PASS] Addr: 0x00000168 | Exp: 0xac11cf6c | Got: 0xac11cf6c
[SINGLE][PASS] Addr: 0x0000016c | Exp: 0x0231ccf9 | Got: 0x0231ccf9
[SINGLE][PASS] Addr: 0x00000170 | Exp: 0xe08472d2 | Got: 0xe08472d2
[SINGLE][PASS] Addr: 0x00000174 | Exp: 0x77b623fa | Got: 0x77b623fa
[SINGLE][PASS] Addr: 0x00000178 | Exp: 0xbb183ae6 | Got: 0xbb183ae6
[SINGLE][PASS] Addr: 0x0000017c | Exp: 0x59037893 | Got: 0x59037893
[SINGLE][PASS] Addr: 0x00000180 | Exp: 0x3d5832f9 | Got: 0x3d5832f9
[SINGLE][PASS] Addr: 0x00000184 | Exp: 0xcbab7daa | Got: 0xcbab7daa
[SINGLE][PASS] Addr: 0x00000188 | Exp: 0x2e73840a | Got: 0x2e73840a
[SINGLE][PASS] Addr: 0x0000018c | Exp: 0x3e5c4752 | Got: 0x3e5c4752
[SINGLE][PASS] Addr: 0x00000190 | Exp: 0x10919b6f | Got: 0x10919b6f
[SINGLE][PASS] Addr: 0x00000194 | Exp: 0x1c93c453 | Got: 0x1c93c453
[SINGLE][PASS] Addr: 0x00000198 | Exp: 0x91f42a47 | Got: 0x91f42a47
[SINGLE][PASS] Addr: 0x0000019c | Exp: 0xd41b6e77 | Got: 0xd41b6e77
[SINGLE][PASS] Addr: 0x000001a0 | Exp: 0x95d0699d | Got: 0x95d0699d
[SINGLE][PASS] Addr: 0x000001a4 | Exp: 0xa8497d98 | Got: 0xa8497d98
[SINGLE][PASS] Addr: 0x000001a8 | Exp: 0xb0eacf5a | Got: 0xb0eacf5a
[SINGLE][PASS] Addr: 0x000001ac | Exp: 0x8ef7a96b | Got: 0x8ef7a96b
[SINGLE][PASS] Addr: 0x000001b0 | Exp: 0xb5f11ff3 | Got: 0xb5f11ff3
[SINGLE][PASS] Addr: 0x000001b4 | Exp: 0x1343460b | Got: 0x1343460b
[SINGLE][PASS] Addr: 0x000001b8 | Exp: 0xad9d88cd | Got: 0xad9d88cd
[SINGLE][PASS] Addr: 0x000001bc | Exp: 0xfa064747 | Got: 0xfa064747
[SINGLE][PASS] Addr: 0x000001c0 | Exp: 0x568a2f70 | Got: 0x568a2f70
[SINGLE][PASS] Addr: 0x000001c4 | Exp: 0x241576ab | Got: 0x241576ab
[SINGLE][PASS] Addr: 0x000001c8 | Exp: 0x08d46172 | Got: 0x08d46172
[SINGLE][PASS] Addr: 0x000001cc | Exp: 0xea39e84e | Got: 0xea39e84e
[SINGLE][PASS] Addr: 0x000001d0 | Exp: 0x9971511f | Got: 0x9971511f
[SINGLE][PASS] Addr: 0x000001d4 | Exp: 0xeeee7a5f | Got: 0xeeee7a5f
[SINGLE][PASS] Addr: 0x000001d8 | Exp: 0x99510aea | Got: 0x99510aea
[SINGLE][PASS] Addr: 0x000001dc | Exp: 0x21dceb6f | Got: 0x21dceb6f
[SINGLE][PASS] Addr: 0x000001e0 | Exp: 0x0c350f96 | Got: 0x0c350f96
[SINGLE][PASS] Addr: 0x000001e4 | Exp: 0x7118d37e | Got: 0x7118d37e
[SINGLE][PASS] Addr: 0x000001e8 | Exp: 0x7351bf22 | Got: 0x7351bf22
[SINGLE][PASS] Addr: 0x000001ec | Exp: 0x64198bc6 | Got: 0x64198bc6
[SINGLE][PASS] Addr: 0x000001f0 | Exp: 0xc7a28077 | Got: 0xc7a28077
[SINGLE][PASS] Addr: 0x000001f4 | Exp: 0x9c7ad149 | Got: 0x9c7ad149
[SINGLE][PASS] Addr: 0x000001f8 | Exp: 0xc00e51d2 | Got: 0xc00e51d2
[SINGLE][PASS] Addr: 0x000001fc | Exp: 0xf873ae1a | Got: 0xf873ae1a
[SINGLE][PASS] Addr: 0x00000200 | Exp: 0x7f402df1 | Got: 0x7f402df1
[SINGLE][PASS] Addr: 0x00000204 | Exp: 0xd317f56d | Got: 0xd317f56d
[SINGLE][PASS] Addr: 0x00000208 | Exp: 0x853f71ff | Got: 0x853f71ff
[SINGLE][PASS] Addr: 0x0000020c | Exp: 0x9e4d5e5f | Got: 0x9e4d5e5f
[SINGLE][PASS] Addr: 0x00000210 | Exp: 0x80d2303e | Got: 0x80d2303e
[SINGLE][PASS] Addr: 0x00000214 | Exp: 0xd28f0984 | Got: 0xd28f0984
[SINGLE][PASS] Addr: 0x00000218 | Exp: 0x5c951b78 | Got: 0x5c951b78
[SINGLE][PASS] Addr: 0x0000021c | Exp: 0xf063fd33 | Got: 0xf063fd33
[SINGLE][PASS] Addr: 0x00000220 | Exp: 0xa3d97725 | Got: 0xa3d97725
[SINGLE][PASS] Addr: 0x00000224 | Exp: 0x0f9be492 | Got: 0x0f9be492
[SINGLE][PASS] Addr: 0x00000228 | Exp: 0x1b3e385b | Got: 0x1b3e385b
[SINGLE][PASS] Addr: 0x0000022c | Exp: 0x384e1d62 | Got: 0x384e1d62
[SINGLE][PASS] Addr: 0x00000230 | Exp: 0x29104378 | Got: 0x29104378
[SINGLE][PASS] Addr: 0x00000234 | Exp: 0x8193e08a | Got: 0x8193e08a
[SINGLE][PASS] Addr: 0x00000238 | Exp: 0x6963728f | Got: 0x6963728f
[SINGLE][PASS] Addr: 0x0000023c | Exp: 0xb2021164 | Got: 0xb2021164
[SINGLE][PASS] Addr: 0x00000240 | Exp: 0x89f0d095 | Got: 0x89f0d095
[SINGLE][PASS] Addr: 0x00000244 | Exp: 0xddeaffc9 | Got: 0xddeaffc9
[SINGLE][PASS] Addr: 0x00000248 | Exp: 0x49ac3549 | Got: 0x49ac3549
[SINGLE][PASS] Addr: 0x0000024c | Exp: 0x3f5128dc | Got: 0x3f5128dc
[SINGLE][PASS] Addr: 0x00000250 | Exp: 0x382b2de6 | Got: 0x382b2de6
[SINGLE][PASS] Addr: 0x00000254 | Exp: 0x43aec298 | Got: 0x43aec298
[SINGLE][PASS] Addr: 0x00000258 | Exp: 0x90b9de8a | Got: 0x90b9de8a
[SINGLE][PASS] Addr: 0x0000025c | Exp: 0x8b679e19 | Got: 0x8b679e19
[SINGLE][PASS] Addr: 0x00000260 | Exp: 0x4d334863 | Got: 0x4d334863
[SINGLE][PASS] Addr: 0x00000264 | Exp: 0x570bacac | Got: 0x570bacac
[SINGLE][PASS] Addr: 0x00000268 | Exp: 0x4ca9209d | Got: 0x4ca9209d
[SINGLE][PASS] Addr: 0x0000026c | Exp: 0x9e4e3397 | Got: 0x9e4e3397
[SINGLE][PASS] Addr: 0x00000270 | Exp: 0x29b3240d | Got: 0x29b3240d
[SINGLE][PASS] Addr: 0x00000274 | Exp: 0xccc77aa7 | Got: 0xccc77aa7
[SINGLE][PASS] Addr: 0x00000278 | Exp: 0x1c95939b | Got: 0x1c95939b
[SINGLE][PASS] Addr: 0x0000027c | Exp: 0xe06a817c | Got: 0xe06a817c
[SINGLE][PASS] Addr: 0x00000280 | Exp: 0x05134572 | Got: 0x05134572
[SINGLE][PASS] Addr: 0x00000284 | Exp: 0x65c50796 | Got: 0x65c50796
[SINGLE][PASS] Addr: 0x00000288 | Exp: 0x781376e9 | Got: 0x781376e9
[SINGLE][PASS] Addr: 0x0000028c | Exp: 0x8dfcf31e | Got: 0x8dfcf31e
[SINGLE][PASS] Addr: 0x00000290 | Exp: 0x6cf64b2e | Got: 0x6cf64b2e
[SINGLE][PASS] Addr: 0x00000294 | Exp: 0x5a84e273 | Got: 0x5a84e273
[SINGLE][PASS] Addr: 0x00000298 | Exp: 0xe6b5a2b7 | Got: 0xe6b5a2b7
[SINGLE][PASS] Addr: 0x0000029c | Exp: 0x9aa1747a | Got: 0x9aa1747a
[SINGLE][PASS] Addr: 0x000002a0 | Exp: 0xb4bdb767 | Got: 0xb4bdb767
[SINGLE][PASS] Addr: 0x000002a4 | Exp: 0x369f93a3 | Got: 0x369f93a3
[SINGLE][PASS] Addr: 0x000002a8 | Exp: 0x2789a980 | Got: 0x2789a980
[SINGLE][PASS] Addr: 0x000002ac | Exp: 0x04d2cfbc | Got: 0x04d2cfbc
[SINGLE][PASS] Addr: 0x000002b0 | Exp: 0x5503e94e | Got: 0x5503e94e
[SINGLE][PASS] Addr: 0x000002b4 | Exp: 0x244d9277 | Got: 0x244d9277
[SINGLE][PASS] Addr: 0x000002b8 | Exp: 0x489a298f | Got: 0x489a298f
[SINGLE][PASS] Addr: 0x000002bc | Exp: 0x9963babc | Got: 0x9963babc
[SINGLE][PASS] Addr: 0x000002c0 | Exp: 0x3b2146a2 | Got: 0x3b2146a2
[SINGLE][PASS] Addr: 0x000002c4 | Exp: 0xa7e1eaad | Got: 0xa7e1eaad
[SINGLE][PASS] Addr: 0x000002c8 | Exp: 0xae6c4e76 | Got: 0xae6c4e76
[SINGLE][PASS] Addr: 0x000002cc | Exp: 0x2706947c | Got: 0x2706947c
[SINGLE][PASS] Addr: 0x000002d0 | Exp: 0x08aa952e | Got: 0x08aa952e
[SINGLE][PASS] Addr: 0x000002d4 | Exp: 0xcb4991ef | Got: 0xcb4991ef
[SINGLE][PASS] Addr: 0x000002d8 | Exp: 0x0b818296 | Got: 0x0b818296
[SINGLE][PASS] Addr: 0x000002dc | Exp: 0x21c8d2ad | Got: 0x21c8d2ad
[SINGLE][PASS] Addr: 0x000002e0 | Exp: 0x42ed8449 | Got: 0x42ed8449
[SINGLE][PASS] Addr: 0x000002e4 | Exp: 0xb9906d50 | Got: 0xb9906d50
[SINGLE][PASS] Addr: 0x000002e8 | Exp: 0x47d8509d | Got: 0x47d8509d
[SINGLE][PASS] Addr: 0x000002ec | Exp: 0xb6911f2a | Got: 0xb6911f2a
[SINGLE][PASS] Addr: 0x000002f0 | Exp: 0x72786653 | Got: 0x72786653
[SINGLE][PASS] Addr: 0x000002f4 | Exp: 0xca5e06d4 | Got: 0xca5e06d4
[SINGLE][PASS] Addr: 0x000002f8 | Exp: 0x586b7501 | Got: 0x586b7501
[SINGLE][PASS] Addr: 0x000002fc | Exp: 0x4ea62579 | Got: 0x4ea62579
[SINGLE][PASS] Addr: 0x00000300 | Exp: 0x32921a3c | Got: 0x32921a3c
[SINGLE][PASS] Addr: 0x00000304 | Exp: 0xfd75f2e6 | Got: 0xfd75f2e6
[SINGLE][PASS] Addr: 0x00000308 | Exp: 0x06ae1f88 | Got: 0x06ae1f88
[SINGLE][PASS] Addr: 0x0000030c | Exp: 0x83281050 | Got: 0x83281050
[SINGLE][PASS] Addr: 0x00000310 | Exp: 0x30be24ff | Got: 0x30be24ff
[SINGLE][PASS] Addr: 0x00000314 | Exp: 0xe633e5e2 | Got: 0xe633e5e2
[SINGLE][PASS] Addr: 0x00000318 | Exp: 0xa81564c1 | Got: 0xa81564c1
[SINGLE][PASS] Addr: 0x0000031c | Exp: 0x8095b70b | Got: 0x8095b70b
[SINGLE][PASS] Addr: 0x00000320 | Exp: 0x1c3dfb21 | Got: 0x1c3dfb21
[SINGLE][PASS] Addr: 0x00000324 | Exp: 0x0715798b | Got: 0x0715798b
[SINGLE][PASS] Addr: 0x00000328 | Exp: 0xc58ddf8a | Got: 0xc58ddf8a
[SINGLE][PASS] Addr: 0x0000032c | Exp: 0xda447b38 | Got: 0xda447b38
[SINGLE][PASS] Addr: 0x00000330 | Exp: 0x858a7a35 | Got: 0x858a7a35
[SINGLE][PASS] Addr: 0x00000334 | Exp: 0x9d31a293 | Got: 0x9d31a293
[SINGLE][PASS] Addr: 0x00000338 | Exp: 0xb300828b | Got: 0xb300828b
[SINGLE][PASS] Addr: 0x0000033c | Exp: 0xcdebd60e | Got: 0xcdebd60e
[SINGLE][PASS] Addr: 0x00000340 | Exp: 0xadde9259 | Got: 0xadde9259
[SINGLE][PASS] Addr: 0x00000344 | Exp: 0xdbb9d619 | Got: 0xdbb9d619
[SINGLE][PASS] Addr: 0x00000348 | Exp: 0x16d399b7 | Got: 0x16d399b7
[SINGLE][PASS] Addr: 0x0000034c | Exp: 0xf71a95f0 | Got: 0xf71a95f0
[SINGLE][PASS] Addr: 0x00000350 | Exp: 0x46ab1fb7 | Got: 0x46ab1fb7
[SINGLE][PASS] Addr: 0x00000354 | Exp: 0x977ddf24 | Got: 0x977ddf24
[SINGLE][PASS] Addr: 0x00000358 | Exp: 0x6169fbd0 | Got: 0x6169fbd0
[SINGLE][PASS] Addr: 0x0000035c | Exp: 0x72bfcbec | Got: 0x72bfcbec
[SINGLE][PASS] Addr: 0x00000360 | Exp: 0x2123f407 | Got: 0x2123f407
[SINGLE][PASS] Addr: 0x00000364 | Exp: 0x6267642b | Got: 0x6267642b
[SINGLE][PASS] Addr: 0x00000368 | Exp: 0x34a06be1 | Got: 0x34a06be1
[SINGLE][PASS] Addr: 0x0000036c | Exp: 0x72a26940 | Got: 0x72a26940
[SINGLE][PASS] Addr: 0x00000370 | Exp: 0xcdb1100a | Got: 0xcdb1100a
[SINGLE][PASS] Addr: 0x00000374 | Exp: 0x16fe1c8f | Got: 0x16fe1c8f
[SINGLE][PASS] Addr: 0x00000378 | Exp: 0xbb512ac4 | Got: 0xbb512ac4
[SINGLE][PASS] Addr: 0x0000037c | Exp: 0x40e88cd1 | Got: 0x40e88cd1
[SINGLE][PASS] Addr: 0x00000380 | Exp: 0x2b7c0d0f | Got: 0x2b7c0d0f
[SINGLE][PASS] Addr: 0x00000384 | Exp: 0xd3e6b61d | Got: 0xd3e6b61d
[SINGLE][PASS] Addr: 0x00000388 | Exp: 0xf0d2b89b | Got: 0xf0d2b89b
[SINGLE][PASS] Addr: 0x0000038c | Exp: 0xb39380b4 | Got: 0xb39380b4
[SINGLE][PASS] Addr: 0x00000390 | Exp: 0xe7eab670 | Got: 0xe7eab670
[SINGLE][PASS] Addr: 0x00000394 | Exp: 0x675c6a8f | Got: 0x675c6a8f
[SINGLE][PASS] Addr: 0x00000398 | Exp: 0xd875c659 | Got: 0xd875c659
[SINGLE][PASS] Addr: 0x0000039c | Exp: 0x0ffe67a8 | Got: 0x0ffe67a8
[SINGLE][PASS] Addr: 0x000003a0 | Exp: 0xee18d314 | Got: 0xee18d314
[SINGLE][PASS] Addr: 0x000003a4 | Exp: 0x2abd4509 | Got: 0x2abd4509
[SINGLE][PASS] Addr: 0x000003a8 | Exp: 0xa5085739 | Got: 0xa5085739
[SINGLE][PASS] Addr: 0x000003ac | Exp: 0x5e639a98 | Got: 0x5e639a98
[SINGLE][PASS] Addr: 0x000003b0 | Exp: 0xc6651eec | Got: 0xc6651eec
[SINGLE][PASS] Addr: 0x000003b4 | Exp: 0x4dfe179e | Got: 0x4dfe179e
[SINGLE][PASS] Addr: 0x000003b8 | Exp: 0xd0551244 | Got: 0xd0551244
[SINGLE][PASS] Addr: 0x000003bc | Exp: 0x2d57b61b | Got: 0x2d57b61b
[SINGLE][PASS] Addr: 0x000003c0 | Exp: 0xe5e67478 | Got: 0xe5e67478
[SINGLE][PASS] Addr: 0x000003c4 | Exp: 0x933320cb | Got: 0x933320cb
[SINGLE][PASS] Addr: 0x000003c8 | Exp: 0x22a2c3cd | Got: 0x22a2c3cd
[SINGLE][PASS] Addr: 0x000003cc | Exp: 0xc54b57f5 | Got: 0xc54b57f5
[SINGLE][PASS] Addr: 0x000003d0 | Exp: 0xedf12641 | Got: 0xedf12641
[SINGLE][PASS] Addr: 0x000003d4 | Exp: 0x7a0b60f9 | Got: 0x7a0b60f9
[SINGLE][PASS] Addr: 0x000003d8 | Exp: 0xaa310ef6 | Got: 0xaa310ef6
[SINGLE][PASS] Addr: 0x000003dc | Exp: 0xcc0b8c96 | Got: 0xcc0b8c96
[SINGLE][PASS] Addr: 0x000003e0 | Exp: 0xdb95885e | Got: 0xdb95885e
[SINGLE][PASS] Addr: 0x000003e4 | Exp: 0xdb4f9ffd | Got: 0xdb4f9ffd
[SINGLE][PASS] Addr: 0x000003e8 | Exp: 0xa2bf4f2a | Got: 0xa2bf4f2a
[SINGLE][PASS] Addr: 0x000003ec | Exp: 0x5840ec98 | Got: 0x5840ec98
[SINGLE][PASS] Addr: 0x000003f0 | Exp: 0x271da9f2 | Got: 0x271da9f2
[SINGLE][PASS] Addr: 0x000003f4 | Exp: 0xf4692299 | Got: 0xf4692299
[SINGLE][PASS] Addr: 0x000003f8 | Exp: 0x4d06a9a3 | Got: 0x4d06a9a3
[SINGLE][PASS] Addr: 0x000003fc | Exp: 0x74f06a44 | Got: 0x74f06a44
[SINGLE][PASS] Addr: 0x00000000 | Exp: 0xd3933eab | Got: 0xd3933eab
[SINGLE][PASS] Addr: 0x00000004 | Exp: 0xe2d90ffb | Got: 0xe2d90ffb
[SINGLE][PASS] Addr: 0x00000008 | Exp: 0xb63d4ee4 | Got: 0xb63d4ee4
[SINGLE][PASS] Addr: 0x0000000c | Exp: 0x14fbcf0c | Got: 0x14fbcf0c
[SINGLE][PASS] Addr: 0x00000010 | Exp: 0x6e39b842 | Got: 0x6e39b842
[SINGLE][PASS] Addr: 0x00000014 | Exp: 0x8fbf873b | Got: 0x8fbf873b
[SINGLE][PASS] Addr: 0x00000018 | Exp: 0x6f95ec3e | Got: 0x6f95ec3e
[SINGLE][PASS] Addr: 0x0000001c | Exp: 0x769de90f | Got: 0x769de90f
[SINGLE][PASS] Addr: 0x00000020 | Exp: 0xfe108fff | Got: 0xfe108fff
[SINGLE][PASS] Addr: 0x00000024 | Exp: 0x0b5664df | Got: 0x0b5664df
[SINGLE][PASS] Addr: 0x00000028 | Exp: 0x35bb4d4d | Got: 0x35bb4d4d
[SINGLE][PASS] Addr: 0x0000002c | Exp: 0xf6f1689a | Got: 0xf6f1689a
[SINGLE][PASS] Addr: 0x00000030 | Exp: 0xe353c034 | Got: 0xe353c034
[SINGLE][PASS] Addr: 0x00000034 | Exp: 0x5875b858 | Got: 0x5875b858
[SINGLE][PASS] Addr: 0x00000038 | Exp: 0x885b2d79 | Got: 0x885b2d79
[SINGLE][PASS] Addr: 0x0000003c | Exp: 0x556a6da3 | Got: 0x556a6da3
[SINGLE][PASS] Addr: 0x00000040 | Exp: 0xa6fa6dc0 | Got: 0xa6fa6dc0
[SINGLE][PASS] Addr: 0x00000044 | Exp: 0xa80fe984 | Got: 0xa80fe984
[SINGLE][PASS] Addr: 0x00000048 | Exp: 0x31993978 | Got: 0x31993978
[SINGLE][PASS] Addr: 0x0000004c | Exp: 0x675ac54e | Got: 0x675ac54e
[SINGLE][PASS] Addr: 0x00000050 | Exp: 0xba3ac18b | Got: 0xba3ac18b
[SINGLE][PASS] Addr: 0x00000054 | Exp: 0x04b28e2c | Got: 0x04b28e2c
[SINGLE][PASS] Addr: 0x00000058 | Exp: 0xbd9840c9 | Got: 0xbd9840c9
[SINGLE][PASS] Addr: 0x0000005c | Exp: 0x3b6dd76b | Got: 0x3b6dd76b
[SINGLE][PASS] Addr: 0x00000060 | Exp: 0x2602f20e | Got: 0x2602f20e
[SINGLE][PASS] Addr: 0x00000064 | Exp: 0x6e0aef86 | Got: 0x6e0aef86
[SINGLE][PASS] Addr: 0x00000068 | Exp: 0xe1f69738 | Got: 0xe1f69738
[SINGLE][PASS] Addr: 0x0000006c | Exp: 0xad2d43f4 | Got: 0xad2d43f4
[SINGLE][PASS] Addr: 0x00000070 | Exp: 0x2a7e7ccb | Got: 0x2a7e7ccb
[SINGLE][PASS] Addr: 0x00000074 | Exp: 0x645d3fb2 | Got: 0x645d3fb2
[SINGLE][PASS] Addr: 0x00000078 | Exp: 0xd54ba65f | Got: 0xd54ba65f
[SINGLE][PASS] Addr: 0x0000007c | Exp: 0x687e3091 | Got: 0x687e3091
[SINGLE][PASS] Addr: 0x00000080 | Exp: 0xce958fcf | Got: 0xce958fcf
[SINGLE][PASS] Addr: 0x00000084 | Exp: 0xe40e7f3f | Got: 0xe40e7f3f
[SINGLE][PASS] Addr: 0x00000088 | Exp: 0x96b0af21 | Got: 0x96b0af21
[SINGLE][PASS] Addr: 0x0000008c | Exp: 0x5d214616 | Got: 0x5d214616
[SINGLE][PASS] Addr: 0x00000090 | Exp: 0x5f6ca335 | Got: 0x5f6ca335
[SINGLE][PASS] Addr: 0x00000094 | Exp: 0xd11c12a5 | Got: 0xd11c12a5
[SINGLE][PASS] Addr: 0x00000098 | Exp: 0x2534bb2f | Got: 0x2534bb2f
[SINGLE][PASS] Addr: 0x0000009c | Exp: 0xa2325e01 | Got: 0xa2325e01
[SINGLE][PASS] Addr: 0x000000a0 | Exp: 0xdfe342a4 | Got: 0xdfe342a4
[SINGLE][PASS] Addr: 0x000000a4 | Exp: 0xd2a207cb | Got: 0xd2a207cb
[SINGLE][PASS] Addr: 0x000000a8 | Exp: 0xa766be85 | Got: 0xa766be85
[SINGLE][PASS] Addr: 0x000000ac | Exp: 0xc9acdfff | Got: 0xc9acdfff
[SINGLE][PASS] Addr: 0x000000b0 | Exp: 0x681506cd | Got: 0x681506cd
[SINGLE][PASS] Addr: 0x000000b4 | Exp: 0x9e560b80 | Got: 0x9e560b80
[SINGLE][PASS] Addr: 0x000000b8 | Exp: 0x82d0e8ec | Got: 0x82d0e8ec
[SINGLE][PASS] Addr: 0x000000bc | Exp: 0xa3e3cf66 | Got: 0xa3e3cf66
[SINGLE][PASS] Addr: 0x000000c0 | Exp: 0x74dbbef0 | Got: 0x74dbbef0
[SINGLE][PASS] Addr: 0x000000c4 | Exp: 0xb40d0f04 | Got: 0xb40d0f04
[SINGLE][PASS] Addr: 0x000000c8 | Exp: 0x63782777 | Got: 0x63782777
[SINGLE][PASS] Addr: 0x000000cc | Exp: 0x730788ba | Got: 0x730788ba
[SINGLE][PASS] Addr: 0x000000d0 | Exp: 0x2747ca57 | Got: 0x2747ca57
[SINGLE][PASS] Addr: 0x000000d4 | Exp: 0x89349d7e | Got: 0x89349d7e
[SINGLE][PASS] Addr: 0x000000d8 | Exp: 0x335fd608 | Got: 0x335fd608
[SINGLE][PASS] Addr: 0x000000dc | Exp: 0x8ea52f2a | Got: 0x8ea52f2a
[SINGLE][PASS] Addr: 0x000000e0 | Exp: 0x742ba1d7 | Got: 0x742ba1d7
[SINGLE][PASS] Addr: 0x000000e4 | Exp: 0x2456e185 | Got: 0x2456e185
[SINGLE][PASS] Addr: 0x000000e8 | Exp: 0x0204a0cb | Got: 0x0204a0cb
[SINGLE][PASS] Addr: 0x000000ec | Exp: 0x7727ca12 | Got: 0x7727ca12
[SINGLE][PASS] Addr: 0x000000f0 | Exp: 0x43929154 | Got: 0x43929154
[SINGLE][PASS] Addr: 0x000000f4 | Exp: 0x289a5a9a | Got: 0x289a5a9a
[SINGLE][PASS] Addr: 0x000000f8 | Exp: 0xdbe195b8 | Got: 0xdbe195b8
[SINGLE][PASS] Addr: 0x000000fc | Exp: 0x59511279 | Got: 0x59511279
[SINGLE][PASS] Addr: 0x00000100 | Exp: 0x8043a13c | Got: 0x8043a13c
[SINGLE][PASS] Addr: 0x00000104 | Exp: 0x514442aa | Got: 0x514442aa
[SINGLE][PASS] Addr: 0x00000108 | Exp: 0x91ea6613 | Got: 0x91ea6613
[SINGLE][PASS] Addr: 0x0000010c | Exp: 0x01c4f092 | Got: 0x01c4f092
[SINGLE][PASS] Addr: 0x00000110 | Exp: 0x1743b008 | Got: 0x1743b008
[SINGLE][PASS] Addr: 0x00000114 | Exp: 0x5d32a38f | Got: 0x5d32a38f
[SINGLE][PASS] Addr: 0x00000118 | Exp: 0x7113d7ed | Got: 0x7113d7ed
[SINGLE][PASS] Addr: 0x0000011c | Exp: 0x407da93e | Got: 0x407da93e
[SINGLE][PASS] Addr: 0x00000120 | Exp: 0xe752bbc1 | Got: 0xe752bbc1
[SINGLE][PASS] Addr: 0x00000124 | Exp: 0x6a5f1c8d | Got: 0x6a5f1c8d
[SINGLE][PASS] Addr: 0x00000128 | Exp: 0xe9c867a2 | Got: 0xe9c867a2
[SINGLE][PASS] Addr: 0x0000012c | Exp: 0xbc55bb86 | Got: 0xbc55bb86
[SINGLE][PASS] Addr: 0x00000130 | Exp: 0xa06b5b77 | Got: 0xa06b5b77
[SINGLE][PASS] Addr: 0x00000134 | Exp: 0xc16157d7 | Got: 0xc16157d7
[SINGLE][PASS] Addr: 0x00000138 | Exp: 0x2775195b | Got: 0x2775195b
[SINGLE][PASS] Addr: 0x0000013c | Exp: 0x36816e23 | Got: 0x36816e23
[SINGLE][PASS] Addr: 0x00000140 | Exp: 0x934668c9 | Got: 0x934668c9
[SINGLE][PASS] Addr: 0x00000144 | Exp: 0x10ec300a | Got: 0x10ec300a
[SINGLE][PASS] Addr: 0x00000148 | Exp: 0x97fe7a8b | Got: 0x97fe7a8b
[SINGLE][PASS] Addr: 0x0000014c | Exp: 0x3e110cf8 | Got: 0x3e110cf8
[SINGLE][PASS] Addr: 0x00000150 | Exp: 0x70d8d962 | Got: 0x70d8d962
[SINGLE][PASS] Addr: 0x00000154 | Exp: 0x194f85af | Got: 0x194f85af
[SINGLE][PASS] Addr: 0x00000158 | Exp: 0x6346d375 | Got: 0x6346d375
[SINGLE][PASS] Addr: 0x0000015c | Exp: 0x5373d694 | Got: 0x5373d694
[SINGLE][PASS] Addr: 0x00000160 | Exp: 0xf9d0c879 | Got: 0xf9d0c879
[SINGLE][PASS] Addr: 0x00000164 | Exp: 0xc7f4c4bb | Got: 0xc7f4c4bb
[SINGLE][PASS] Addr: 0x00000168 | Exp: 0xd2ab88a2 | Got: 0xd2ab88a2
[SINGLE][PASS] Addr: 0x0000016c | Exp: 0x7bef99b3 | Got: 0x7bef99b3
[SINGLE][PASS] Addr: 0x00000170 | Exp: 0x9e19b04e | Got: 0x9e19b04e
[SINGLE][PASS] Addr: 0x00000174 | Exp: 0xc2e21a10 | Got: 0xc2e21a10
[SINGLE][PASS] Addr: 0x00000178 | Exp: 0xa885ac6d | Got: 0xa885ac6d
[SINGLE][PASS] Addr: 0x0000017c | Exp: 0x452a02bc | Got: 0x452a02bc
[SINGLE][PASS] Addr: 0x00000180 | Exp: 0x0c5dd3b1 | Got: 0x0c5dd3b1
[SINGLE][PASS] Addr: 0x00000184 | Exp: 0x643c58fc | Got: 0x643c58fc
[SINGLE][PASS] Addr: 0x00000188 | Exp: 0x67acc079 | Got: 0x67acc079
[SINGLE][PASS] Addr: 0x0000018c | Exp: 0x38a59942 | Got: 0x38a59942
[SINGLE][PASS] Addr: 0x00000190 | Exp: 0xb17ed77d | Got: 0xb17ed77d
[SINGLE][PASS] Addr: 0x00000194 | Exp: 0x25c290b7 | Got: 0x25c290b7
[SINGLE][PASS] Addr: 0x00000198 | Exp: 0x8af2a737 | Got: 0x8af2a737
[SINGLE][PASS] Addr: 0x0000019c | Exp: 0xbf3e6d85 | Got: 0xbf3e6d85
[SINGLE][PASS] Addr: 0x000001a0 | Exp: 0x281c8c17 | Got: 0x281c8c17
[SINGLE][PASS] Addr: 0x000001a4 | Exp: 0x7c4d51e7 | Got: 0x7c4d51e7
[SINGLE][PASS] Addr: 0x000001a8 | Exp: 0xaca3c564 | Got: 0xaca3c564
[SINGLE][PASS] Addr: 0x000001ac | Exp: 0x74ac75f0 | Got: 0x74ac75f0
[SINGLE][PASS] Addr: 0x000001b0 | Exp: 0x9815e6f1 | Got: 0x9815e6f1
[SINGLE][PASS] Addr: 0x000001b4 | Exp: 0x2355a41d | Got: 0x2355a41d
[SINGLE][PASS] Addr: 0x000001b8 | Exp: 0x9e0a5387 | Got: 0x9e0a5387
[SINGLE][PASS] Addr: 0x000001bc | Exp: 0xeb059c9b | Got: 0xeb059c9b
[SINGLE][PASS] Addr: 0x000001c0 | Exp: 0x05fe2c0b | Got: 0x05fe2c0b
[SINGLE][PASS] Addr: 0x000001c4 | Exp: 0xd86dab57 | Got: 0xd86dab57
[SINGLE][PASS] Addr: 0x000001c8 | Exp: 0x6eeddf74 | Got: 0x6eeddf74
[SINGLE][PASS] Addr: 0x000001cc | Exp: 0xde397cc9 | Got: 0xde397cc9
[SINGLE][PASS] Addr: 0x000001d0 | Exp: 0x92ad476f | Got: 0x92ad476f
[SINGLE][PASS] Addr: 0x000001d4 | Exp: 0x86c4fd7e | Got: 0x86c4fd7e
[SINGLE][PASS] Addr: 0x000001d8 | Exp: 0x650dfdce | Got: 0x650dfdce
[SINGLE][PASS] Addr: 0x000001dc | Exp: 0xd796d069 | Got: 0xd796d069
[SINGLE][PASS] Addr: 0x000001e0 | Exp: 0xaab056b3 | Got: 0xaab056b3
[SINGLE][PASS] Addr: 0x000001e4 | Exp: 0xe2a3a7e8 | Got: 0xe2a3a7e8
[SINGLE][PASS] Addr: 0x000001e8 | Exp: 0xe3a92b7e | Got: 0xe3a92b7e
[SINGLE][PASS] Addr: 0x000001ec | Exp: 0x41448d97 | Got: 0x41448d97
[SINGLE][PASS] Addr: 0x000001f0 | Exp: 0x25d56279 | Got: 0x25d56279
[SINGLE][PASS] Addr: 0x000001f4 | Exp: 0x74f3e4d6 | Got: 0x74f3e4d6
[SINGLE][PASS] Addr: 0x000001f8 | Exp: 0x42fadf3f | Got: 0x42fadf3f
[SINGLE][PASS] Addr: 0x000001fc | Exp: 0xe9c9b419 | Got: 0xe9c9b419
[SINGLE][PASS] Addr: 0x00000200 | Exp: 0x56a247f0 | Got: 0x56a247f0
[SINGLE][PASS] Addr: 0x00000204 | Exp: 0x16b780f4 | Got: 0x16b780f4
[SINGLE][PASS] Addr: 0x00000208 | Exp: 0x97b7cb15 | Got: 0x97b7cb15
[SINGLE][PASS] Addr: 0x0000020c | Exp: 0xf784cae4 | Got: 0xf784cae4
[SINGLE][PASS] Addr: 0x00000210 | Exp: 0x09dcd252 | Got: 0x09dcd252
[SINGLE][PASS] Addr: 0x00000214 | Exp: 0xdc8cf0de | Got: 0xdc8cf0de
[SINGLE][PASS] Addr: 0x00000218 | Exp: 0x6a904dcf | Got: 0x6a904dcf
[SINGLE][PASS] Addr: 0x0000021c | Exp: 0x4c340d97 | Got: 0x4c340d97
[SINGLE][PASS] Addr: 0x00000220 | Exp: 0x76030465 | Got: 0x76030465
[SINGLE][PASS] Addr: 0x00000224 | Exp: 0x722e1697 | Got: 0x722e1697
[SINGLE][PASS] Addr: 0x00000228 | Exp: 0x5fb5148a | Got: 0x5fb5148a
[SINGLE][PASS] Addr: 0x0000022c | Exp: 0x587049fd | Got: 0x587049fd
[SINGLE][PASS] Addr: 0x00000230 | Exp: 0x1ad291fd | Got: 0x1ad291fd
[SINGLE][PASS] Addr: 0x00000234 | Exp: 0xe5f4b712 | Got: 0xe5f4b712
[SINGLE][PASS] Addr: 0x00000238 | Exp: 0xce4eec2f | Got: 0xce4eec2f
[SINGLE][PASS] Addr: 0x0000023c | Exp: 0x5f2e6d8e | Got: 0x5f2e6d8e
[SINGLE][PASS] Addr: 0x00000240 | Exp: 0x90c18976 | Got: 0x90c18976
[SINGLE][PASS] Addr: 0x00000244 | Exp: 0xe4509fab | Got: 0xe4509fab
[SINGLE][PASS] Addr: 0x00000248 | Exp: 0x4802c2f2 | Got: 0x4802c2f2
[SINGLE][PASS] Addr: 0x0000024c | Exp: 0x293fc2ed | Got: 0x293fc2ed
[SINGLE][PASS] Addr: 0x00000250 | Exp: 0x48852d3d | Got: 0x48852d3d
[SINGLE][PASS] Addr: 0x00000254 | Exp: 0x63527bad | Got: 0x63527bad
[SINGLE][PASS] Addr: 0x00000258 | Exp: 0x1073d9d3 | Got: 0x1073d9d3
[SINGLE][PASS] Addr: 0x0000025c | Exp: 0x28cfdf68 | Got: 0x28cfdf68
[SINGLE][PASS] Addr: 0x00000260 | Exp: 0x3a8cfd46 | Got: 0x3a8cfd46
[SINGLE][PASS] Addr: 0x00000264 | Exp: 0xbe2559cc | Got: 0xbe2559cc
[SINGLE][PASS] Addr: 0x00000268 | Exp: 0x84bf261f | Got: 0x84bf261f
[SINGLE][PASS] Addr: 0x0000026c | Exp: 0x0ce8407d | Got: 0x0ce8407d
[SINGLE][PASS] Addr: 0x00000270 | Exp: 0x8684f095 | Got: 0x8684f095
[SINGLE][PASS] Addr: 0x00000274 | Exp: 0x408ee1aa | Got: 0x408ee1aa
[SINGLE][PASS] Addr: 0x00000278 | Exp: 0x72fee2ee | Got: 0x72fee2ee
[SINGLE][PASS] Addr: 0x0000027c | Exp: 0xc4ed9952 | Got: 0xc4ed9952
[SINGLE][PASS] Addr: 0x00000280 | Exp: 0x02d3deb7 | Got: 0x02d3deb7
[SINGLE][PASS] Addr: 0x00000284 | Exp: 0x22723954 | Got: 0x22723954
[SINGLE][PASS] Addr: 0x00000288 | Exp: 0x61c852a5 | Got: 0x61c852a5
[SINGLE][PASS] Addr: 0x0000028c | Exp: 0xf421d03a | Got: 0xf421d03a
[SINGLE][PASS] Addr: 0x00000290 | Exp: 0xbc1e1948 | Got: 0xbc1e1948
[SINGLE][PASS] Addr: 0x00000294 | Exp: 0xf34f9ac3 | Got: 0xf34f9ac3
[SINGLE][PASS] Addr: 0x00000298 | Exp: 0xc7aeb073 | Got: 0xc7aeb073
[SINGLE][PASS] Addr: 0x0000029c | Exp: 0xd520ac34 | Got: 0xd520ac34
[SINGLE][PASS] Addr: 0x000002a0 | Exp: 0x64c5356d | Got: 0x64c5356d
[SINGLE][PASS] Addr: 0x000002a4 | Exp: 0x75c0995e | Got: 0x75c0995e
[SINGLE][PASS] Addr: 0x000002a8 | Exp: 0x32be51d6 | Got: 0x32be51d6
[SINGLE][PASS] Addr: 0x000002ac | Exp: 0x8d62326d | Got: 0x8d62326d
[SINGLE][PASS] Addr: 0x000002b0 | Exp: 0xb4630559 | Got: 0xb4630559
[SINGLE][PASS] Addr: 0x000002b4 | Exp: 0xeafc1775 | Got: 0xeafc1775
[SINGLE][PASS] Addr: 0x000002b8 | Exp: 0x6002f815 | Got: 0x6002f815
[SINGLE][PASS] Addr: 0x000002bc | Exp: 0xf0beb3bc | Got: 0xf0beb3bc
[SINGLE][PASS] Addr: 0x000002c0 | Exp: 0xb750c1ca | Got: 0xb750c1ca
[SINGLE][PASS] Addr: 0x000002c4 | Exp: 0xce55ebc6 | Got: 0xce55ebc6
[SINGLE][PASS] Addr: 0x000002c8 | Exp: 0x430051c5 | Got: 0x430051c5
[SINGLE][PASS] Addr: 0x000002cc | Exp: 0xb4e38a23 | Got: 0xb4e38a23
[SINGLE][PASS] Addr: 0x000002d0 | Exp: 0x0e21638b | Got: 0x0e21638b
[SINGLE][PASS] Addr: 0x000002d4 | Exp: 0x00bb36fa | Got: 0x00bb36fa
[SINGLE][PASS] Addr: 0x000002d8 | Exp: 0xfd39ac46 | Got: 0xfd39ac46
[SINGLE][PASS] Addr: 0x000002dc | Exp: 0x14de8653 | Got: 0x14de8653
[SINGLE][PASS] Addr: 0x000002e0 | Exp: 0x1d242cf2 | Got: 0x1d242cf2
[SINGLE][PASS] Addr: 0x000002e4 | Exp: 0x64386926 | Got: 0x64386926
[SINGLE][PASS] Addr: 0x000002e8 | Exp: 0xc5acd545 | Got: 0xc5acd545
[SINGLE][PASS] Addr: 0x000002ec | Exp: 0xe4990d26 | Got: 0xe4990d26
[SINGLE][PASS] Addr: 0x000002f0 | Exp: 0x2be76361 | Got: 0x2be76361
[SINGLE][PASS] Addr: 0x000002f4 | Exp: 0xe773f74c | Got: 0xe773f74c
[SINGLE][PASS] Addr: 0x000002f8 | Exp: 0xc0522c3a | Got: 0xc0522c3a
[SINGLE][PASS] Addr: 0x000002fc | Exp: 0x1458e525 | Got: 0x1458e525
[SINGLE][PASS] Addr: 0x00000300 | Exp: 0x74b038c7 | Got: 0x74b038c7
[SINGLE][PASS] Addr: 0x00000304 | Exp: 0x0130c0da | Got: 0x0130c0da
[SINGLE][PASS] Addr: 0x00000308 | Exp: 0xc5a2e3ea | Got: 0xc5a2e3ea
[SINGLE][PASS] Addr: 0x0000030c | Exp: 0xa43cb401 | Got: 0xa43cb401
[SINGLE][PASS] Addr: 0x00000310 | Exp: 0x2404e51e | Got: 0x2404e51e
[SINGLE][PASS] Addr: 0x00000314 | Exp: 0x9bcc2528 | Got: 0x9bcc2528
[SINGLE][PASS] Addr: 0x00000318 | Exp: 0x1a0c73e4 | Got: 0x1a0c73e4
[SINGLE][PASS] Addr: 0x0000031c | Exp: 0x07c22c1c | Got: 0x07c22c1c
[SINGLE][PASS] Addr: 0x00000320 | Exp: 0x4823efed | Got: 0x4823efed
[SINGLE][PASS] Addr: 0x00000324 | Exp: 0x70c4c8fc | Got: 0x70c4c8fc
[SINGLE][PASS] Addr: 0x00000328 | Exp: 0x15803a06 | Got: 0x15803a06
[SINGLE][PASS] Addr: 0x0000032c | Exp: 0xf942ea00 | Got: 0xf942ea00
[SINGLE][PASS] Addr: 0x00000330 | Exp: 0xb088a9c5 | Got: 0xb088a9c5
[SINGLE][PASS] Addr: 0x00000334 | Exp: 0xd42d0c07 | Got: 0xd42d0c07
[SINGLE][PASS] Addr: 0x00000338 | Exp: 0xbae64bf7 | Got: 0xbae64bf7
[SINGLE][PASS] Addr: 0x0000033c | Exp: 0xbd7301e4 | Got: 0xbd7301e4
[SINGLE][PASS] Addr: 0x00000340 | Exp: 0xbd6bd5c6 | Got: 0xbd6bd5c6
[SINGLE][PASS] Addr: 0x00000344 | Exp: 0xf03b2e67 | Got: 0xf03b2e67
[SINGLE][PASS] Addr: 0x00000348 | Exp: 0x3fa678ac | Got: 0x3fa678ac
[SINGLE][PASS] Addr: 0x0000034c | Exp: 0xd6e43d2c | Got: 0xd6e43d2c
[SINGLE][PASS] Addr: 0x00000350 | Exp: 0x1f41831a | Got: 0x1f41831a
[SINGLE][PASS] Addr: 0x00000354 | Exp: 0x70bd2626 | Got: 0x70bd2626
[SINGLE][PASS] Addr: 0x00000358 | Exp: 0x831f79e5 | Got: 0x831f79e5
[SINGLE][PASS] Addr: 0x0000035c | Exp: 0x298307e8 | Got: 0x298307e8
[SINGLE][PASS] Addr: 0x00000360 | Exp: 0x86381676 | Got: 0x86381676
[SINGLE][PASS] Addr: 0x00000364 | Exp: 0x9e9d24b7 | Got: 0x9e9d24b7
[SINGLE][PASS] Addr: 0x00000368 | Exp: 0x763255b0 | Got: 0x763255b0
[SINGLE][PASS] Addr: 0x0000036c | Exp: 0x8e180e52 | Got: 0x8e180e52
[SINGLE][PASS] Addr: 0x00000370 | Exp: 0x41be839e | Got: 0x41be839e
[SINGLE][PASS] Addr: 0x00000374 | Exp: 0xeb62cc7e | Got: 0xeb62cc7e
[SINGLE][PASS] Addr: 0x00000378 | Exp: 0x72b6efe3 | Got: 0x72b6efe3
[SINGLE][PASS] Addr: 0x0000037c | Exp: 0xd5c88a52 | Got: 0xd5c88a52
[SINGLE][PASS] Addr: 0x00000380 | Exp: 0xcff9b6e0 | Got: 0xcff9b6e0
[SINGLE][PASS] Addr: 0x00000384 | Exp: 0xecaf1647 | Got: 0xecaf1647
[SINGLE][PASS] Addr: 0x00000388 | Exp: 0x8303cba3 | Got: 0x8303cba3
[SINGLE][PASS] Addr: 0x0000038c | Exp: 0x3d9440fc | Got: 0x3d9440fc
[SINGLE][PASS] Addr: 0x00000390 | Exp: 0x5d4e2e95 | Got: 0x5d4e2e95
[SINGLE][PASS] Addr: 0x00000394 | Exp: 0xc7c3e6cb | Got: 0xc7c3e6cb
[SINGLE][PASS] Addr: 0x00000398 | Exp: 0x996afce2 | Got: 0x996afce2
[SINGLE][PASS] Addr: 0x0000039c | Exp: 0x51d9300e | Got: 0x51d9300e

========== BURST INCR TESTS (50 runs, len=18) ==========

[INCR][FAIL] Addr: 0x00001000 | Exp: 0x33ddc4a6 | Got: 0x0cfa5430 <<< ERROR
[INCR][PASS] Addr: 0x00001004 | Exp: 0x0cfa5430 | Got: 0x0cfa5430
[INCR][FAIL] Addr: 0x00001048 | Exp: 0xb7b949da | Got: 0x41d0eb75 <<< ERROR
[INCR][PASS] Addr: 0x0000104c | Exp: 0x41d0eb75 | Got: 0x41d0eb75
[INCR][FAIL] Addr: 0x00001090 | Exp: 0x1b00a803 | Got: 0x03499b88 <<< ERROR
[INCR][PASS] Addr: 0x00001094 | Exp: 0x03499b88 | Got: 0x03499b88
[INCR][FAIL] Addr: 0x000010d8 | Exp: 0x06ba7c96 | Got: 0xa30eaac7 <<< ERROR
[INCR][PASS] Addr: 0x000010dc | Exp: 0xa30eaac7 | Got: 0xa30eaac7
[INCR][FAIL] Addr: 0x00001120 | Exp: 0xa6d2862b | Got: 0x63c3c64f <<< ERROR
[INCR][PASS] Addr: 0x00001124 | Exp: 0x63c3c64f | Got: 0x63c3c64f
[INCR][FAIL] Addr: 0x00001168 | Exp: 0xddb3e468 | Got: 0xa50306c8 <<< ERROR
[INCR][PASS] Addr: 0x0000116c | Exp: 0xa50306c8 | Got: 0xa50306c8
[INCR][FAIL] Addr: 0x000011b0 | Exp: 0x77a4e4a9 | Got: 0x8519fff0 <<< ERROR
[INCR][PASS] Addr: 0x000011b4 | Exp: 0x8519fff0 | Got: 0x8519fff0
[INCR][FAIL] Addr: 0x000011f8 | Exp: 0xb9e50771 | Got: 0xb47d66e8 <<< ERROR
[INCR][PASS] Addr: 0x000011fc | Exp: 0xb47d66e8 | Got: 0xb47d66e8
[INCR][FAIL] Addr: 0x00001240 | Exp: 0x6988aa93 | Got: 0xf7139b3f <<< ERROR
[INCR][PASS] Addr: 0x00001244 | Exp: 0xf7139b3f | Got: 0xf7139b3f
[INCR][FAIL] Addr: 0x00001288 | Exp: 0x260f841f | Got: 0x8f241ec1 <<< ERROR
[INCR][PASS] Addr: 0x0000128c | Exp: 0x8f241ec1 | Got: 0x8f241ec1
[INCR][FAIL] Addr: 0x000012d0 | Exp: 0xb3c8da0c | Got: 0x8e1ac7fe <<< ERROR
[INCR][PASS] Addr: 0x000012d4 | Exp: 0x8e1ac7fe | Got: 0x8e1ac7fe
[INCR][FAIL] Addr: 0x00001318 | Exp: 0x91ea22a8 | Got: 0xc6fd3b9b <<< ERROR
[INCR][PASS] Addr: 0x0000131c | Exp: 0xc6fd3b9b | Got: 0xc6fd3b9b
[INCR][FAIL] Addr: 0x00001360 | Exp: 0xf86d79c1 | Got: 0xdeb0f85a <<< ERROR
[INCR][PASS] Addr: 0x00001364 | Exp: 0xdeb0f85a | Got: 0xdeb0f85a
[INCR][FAIL] Addr: 0x000013a8 | Exp: 0x19ac1692 | Got: 0xb5ea01e9 <<< ERROR
[INCR][PASS] Addr: 0x000013ac | Exp: 0xb5ea01e9 | Got: 0xb5ea01e9
[INCR][FAIL] Addr: 0x000013f0 | Exp: 0x43bbae6d | Got: 0x28f4f66d <<< ERROR
[INCR][PASS] Addr: 0x000013f4 | Exp: 0x28f4f66d | Got: 0x28f4f66d
[INCR][FAIL] Addr: 0x00001438 | Exp: 0x3d88702c | Got: 0xe1261acc <<< ERROR
[INCR][PASS] Addr: 0x0000143c | Exp: 0xe1261acc | Got: 0xe1261acc
[INCR][FAIL] Addr: 0x00001480 | Exp: 0xfbb20457 | Got: 0xb421a9bc <<< ERROR
[INCR][PASS] Addr: 0x00001484 | Exp: 0xb421a9bc | Got: 0xb421a9bc
[INCR][FAIL] Addr: 0x000014c8 | Exp: 0x892abe14 | Got: 0xcccc718d <<< ERROR
[INCR][PASS] Addr: 0x000014cc | Exp: 0xcccc718d | Got: 0xcccc718d
[INCR][FAIL] Addr: 0x00001510 | Exp: 0xbf8de8d1 | Got: 0x9a0e8cb8 <<< ERROR
[INCR][PASS] Addr: 0x00001514 | Exp: 0x9a0e8cb8 | Got: 0x9a0e8cb8
[INCR][FAIL] Addr: 0x00001558 | Exp: 0x2b3edeb1 | Got: 0x3f4fc125 <<< ERROR
[INCR][PASS] Addr: 0x0000155c | Exp: 0x3f4fc125 | Got: 0x3f4fc125
[INCR][FAIL] Addr: 0x000015a0 | Exp: 0x374453b9 | Got: 0x02add23e <<< ERROR
[INCR][PASS] Addr: 0x000015a4 | Exp: 0x02add23e | Got: 0x02add23e
[INCR][FAIL] Addr: 0x000015e8 | Exp: 0x7ce801b9 | Got: 0xf500d1b7 <<< ERROR
[INCR][PASS] Addr: 0x000015ec | Exp: 0xf500d1b7 | Got: 0xf500d1b7
[INCR][FAIL] Addr: 0x00001630 | Exp: 0xd30ca0fa | Got: 0xcf8e3b19 <<< ERROR
[INCR][PASS] Addr: 0x00001634 | Exp: 0xcf8e3b19 | Got: 0xcf8e3b19
[INCR][FAIL] Addr: 0x00001678 | Exp: 0x794ad9aa | Got: 0xc38d6612 <<< ERROR
[INCR][PASS] Addr: 0x0000167c | Exp: 0xc38d6612 | Got: 0xc38d6612
[INCR][FAIL] Addr: 0x000016c0 | Exp: 0x7ad39a09 | Got: 0xb75c9b7e <<< ERROR
[INCR][PASS] Addr: 0x000016c4 | Exp: 0xb75c9b7e | Got: 0xb75c9b7e
[INCR][FAIL] Addr: 0x00001708 | Exp: 0x2504fd53 | Got: 0x2d7ed932 <<< ERROR
[INCR][PASS] Addr: 0x0000170c | Exp: 0x2d7ed932 | Got: 0x2d7ed932
[INCR][FAIL] Addr: 0x00001750 | Exp: 0x2dc6af6a | Got: 0xd15c108d <<< ERROR
[INCR][PASS] Addr: 0x00001754 | Exp: 0xd15c108d | Got: 0xd15c108d
[INCR][FAIL] Addr: 0x00001798 | Exp: 0xe5ad794a | Got: 0x65b96bbe <<< ERROR
[INCR][PASS] Addr: 0x0000179c | Exp: 0x65b96bbe | Got: 0x65b96bbe
[INCR][FAIL] Addr: 0x000017e0 | Exp: 0x91ce622b | Got: 0x90f3e5d4 <<< ERROR
[INCR][PASS] Addr: 0x000017e4 | Exp: 0x90f3e5d4 | Got: 0x90f3e5d4
[INCR][FAIL] Addr: 0x00001828 | Exp: 0xc95d9175 | Got: 0xc2fe4189 <<< ERROR
[INCR][PASS] Addr: 0x0000182c | Exp: 0xc2fe4189 | Got: 0xc2fe4189
[INCR][FAIL] Addr: 0x00001870 | Exp: 0x730ddd66 | Got: 0x311f2ace <<< ERROR
[INCR][PASS] Addr: 0x00001874 | Exp: 0x311f2ace | Got: 0x311f2ace
[INCR][FAIL] Addr: 0x000018b8 | Exp: 0xbe25b283 | Got: 0xa3690f14 <<< ERROR
[INCR][PASS] Addr: 0x000018bc | Exp: 0xa3690f14 | Got: 0xa3690f14
[INCR][FAIL] Addr: 0x00001900 | Exp: 0x3363bfc2 | Got: 0x8ffaf85e <<< ERROR
[INCR][PASS] Addr: 0x00001904 | Exp: 0x8ffaf85e | Got: 0x8ffaf85e
[INCR][FAIL] Addr: 0x00001948 | Exp: 0xb9939372 | Got: 0xbff57708 <<< ERROR
[INCR][PASS] Addr: 0x0000194c | Exp: 0xbff57708 | Got: 0xbff57708
[INCR][FAIL] Addr: 0x00001990 | Exp: 0x29ed14f0 | Got: 0x7a3d6656 <<< ERROR
[INCR][PASS] Addr: 0x00001994 | Exp: 0x7a3d6656 | Got: 0x7a3d6656
[INCR][FAIL] Addr: 0x000019d8 | Exp: 0xd031870a | Got: 0xeff517be <<< ERROR
[INCR][PASS] Addr: 0x000019dc | Exp: 0xeff517be | Got: 0xeff517be
[INCR][FAIL] Addr: 0x00001a20 | Exp: 0xf2827f30 | Got: 0x66b930f4 <<< ERROR
[INCR][PASS] Addr: 0x00001a24 | Exp: 0x66b930f4 | Got: 0x66b930f4
[INCR][FAIL] Addr: 0x00001a68 | Exp: 0x3d04fd5e | Got: 0x5c9b48b9 <<< ERROR
[INCR][PASS] Addr: 0x00001a6c | Exp: 0x5c9b48b9 | Got: 0x5c9b48b9
[INCR][FAIL] Addr: 0x00001ab0 | Exp: 0xad3790cb | Got: 0xa1de0e61 <<< ERROR
[INCR][PASS] Addr: 0x00001ab4 | Exp: 0xa1de0e61 | Got: 0xa1de0e61
[INCR][FAIL] Addr: 0x00001af8 | Exp: 0x59103550 | Got: 0x24738828 <<< ERROR
[INCR][PASS] Addr: 0x00001afc | Exp: 0x24738828 | Got: 0x24738828
[INCR][FAIL] Addr: 0x00001b40 | Exp: 0x2dda5598 | Got: 0xe936b433 <<< ERROR
[INCR][PASS] Addr: 0x00001b44 | Exp: 0xe936b433 | Got: 0xe936b433
[INCR][FAIL] Addr: 0x00001b88 | Exp: 0x82d01e0b | Got: 0x6ee79866 <<< ERROR
[INCR][PASS] Addr: 0x00001b8c | Exp: 0x6ee79866 | Got: 0x6ee79866
[INCR][FAIL] Addr: 0x00001bd0 | Exp: 0x1b780c7a | Got: 0x76e88ceb <<< ERROR
[INCR][PASS] Addr: 0x00001bd4 | Exp: 0x76e88ceb | Got: 0x76e88ceb
[INCR][FAIL] Addr: 0x00001c18 | Exp: 0xf5c06889 | Got: 0xefba4d7c <<< ERROR
[INCR][PASS] Addr: 0x00001c1c | Exp: 0xefba4d7c | Got: 0xefba4d7c
[INCR][FAIL] Addr: 0x00001c60 | Exp: 0xffda10de | Got: 0x7d371d75 <<< ERROR
[INCR][PASS] Addr: 0x00001c64 | Exp: 0x7d371d75 | Got: 0x7d371d75
[INCR][FAIL] Addr: 0x00001ca8 | Exp: 0x91d6c90d | Got: 0xda8f0a9c <<< ERROR
[INCR][PASS] Addr: 0x00001cac | Exp: 0xda8f0a9c | Got: 0xda8f0a9c
[INCR][FAIL] Addr: 0x00001cf0 | Exp: 0x4701f440 | Got: 0x12031aad <<< ERROR
[INCR][PASS] Addr: 0x00001cf4 | Exp: 0x12031aad | Got: 0x12031aad
[INCR][FAIL] Addr: 0x00001d38 | Exp: 0x930268a7 | Got: 0x4662efa6 <<< ERROR
[INCR][PASS] Addr: 0x00001d3c | Exp: 0x4662efa6 | Got: 0x4662efa6
[INCR][FAIL] Addr: 0x00001d80 | Exp: 0x2eb0c7a5 | Got: 0x8a452ed6 <<< ERROR
[INCR][PASS] Addr: 0x00001d84 | Exp: 0x8a452ed6 | Got: 0x8a452ed6
[INCR][FAIL] Addr: 0x00001dc8 | Exp: 0x38b386b5 | Got: 0x010cb6a5 <<< ERROR
[INCR][PASS] Addr: 0x00001dcc | Exp: 0x010cb6a5 | Got: 0x010cb6a5

========== BURST WRAP TESTS (50 runs, len=18) ==========

[WRAP][FAIL] Addr: 0x00002000 | Exp: 0xa5e19520 | Got: 0x45966f23 <<< ERROR
[WRAP][PASS] Addr: 0x00002004 | Exp: 0x45966f23 | Got: 0x45966f23
[WRAP][FAIL] Addr: 0x00002048 | Exp: 0x5d544a5f | Got: 0xd2c14151 <<< ERROR
[WRAP][PASS] Addr: 0x0000204c | Exp: 0xd2c14151 | Got: 0xd2c14151
[WRAP][FAIL] Addr: 0x00002090 | Exp: 0x1c4c094f | Got: 0xe9a68131 <<< ERROR
[WRAP][PASS] Addr: 0x00002094 | Exp: 0xe9a68131 | Got: 0xe9a68131
[WRAP][FAIL] Addr: 0x000020d8 | Exp: 0xfdc9c418 | Got: 0x3193d68d <<< ERROR
[WRAP][PASS] Addr: 0x000020dc | Exp: 0x3193d68d | Got: 0x3193d68d
[WRAP][FAIL] Addr: 0x00002120 | Exp: 0x41e54cdd | Got: 0x0dc77088 <<< ERROR
[WRAP][PASS] Addr: 0x00002124 | Exp: 0x0dc77088 | Got: 0x0dc77088
[WRAP][FAIL] Addr: 0x00002168 | Exp: 0xb0f41f22 | Got: 0x64ef0fe8 <<< ERROR
[WRAP][PASS] Addr: 0x0000216c | Exp: 0x64ef0fe8 | Got: 0x64ef0fe8
[WRAP][FAIL] Addr: 0x000021b0 | Exp: 0xb65d0e00 | Got: 0x5662341f <<< ERROR
[WRAP][PASS] Addr: 0x000021b4 | Exp: 0x5662341f | Got: 0x5662341f
[WRAP][FAIL] Addr: 0x000021f8 | Exp: 0x0f350309 | Got: 0x191c771d <<< ERROR
[WRAP][PASS] Addr: 0x000021fc | Exp: 0x191c771d | Got: 0x191c771d
[WRAP][FAIL] Addr: 0x00002240 | Exp: 0xa89eb9fa | Got: 0x007ee3d7 <<< ERROR
[WRAP][PASS] Addr: 0x00002244 | Exp: 0x007ee3d7 | Got: 0x007ee3d7
[WRAP][FAIL] Addr: 0x00002288 | Exp: 0x09e32524 | Got: 0x62c1d395 <<< ERROR
[WRAP][PASS] Addr: 0x0000228c | Exp: 0x62c1d395 | Got: 0x62c1d395
[WRAP][FAIL] Addr: 0x000022d0 | Exp: 0x6651e69a | Got: 0xdd3e9dfd <<< ERROR
[WRAP][PASS] Addr: 0x000022d4 | Exp: 0xdd3e9dfd | Got: 0xdd3e9dfd
[WRAP][FAIL] Addr: 0x00002318 | Exp: 0x32d60a19 | Got: 0x325e27e2 <<< ERROR
[WRAP][PASS] Addr: 0x0000231c | Exp: 0x325e27e2 | Got: 0x325e27e2
[WRAP][FAIL] Addr: 0x00002360 | Exp: 0xdb5aebba | Got: 0xbd611ccb <<< ERROR
[WRAP][PASS] Addr: 0x00002364 | Exp: 0xbd611ccb | Got: 0xbd611ccb
[WRAP][FAIL] Addr: 0x000023a8 | Exp: 0xf3dff758 | Got: 0x37d15f44 <<< ERROR
[WRAP][PASS] Addr: 0x000023ac | Exp: 0x37d15f44 | Got: 0x37d15f44
[WRAP][FAIL] Addr: 0x000023f0 | Exp: 0x0159acc1 | Got: 0x4cc2fbe6 <<< ERROR
[WRAP][PASS] Addr: 0x000023f4 | Exp: 0x4cc2fbe6 | Got: 0x4cc2fbe6
[WRAP][FAIL] Addr: 0x00002438 | Exp: 0xb64c149d | Got: 0x35d0ab26 <<< ERROR
[WRAP][PASS] Addr: 0x0000243c | Exp: 0x35d0ab26 | Got: 0x35d0ab26
[WRAP][FAIL] Addr: 0x00002480 | Exp: 0x3f289220 | Got: 0x5dd8addf <<< ERROR
[WRAP][PASS] Addr: 0x00002484 | Exp: 0x5dd8addf | Got: 0x5dd8addf
[WRAP][FAIL] Addr: 0x000024c8 | Exp: 0xfa66bd71 | Got: 0xc573909f <<< ERROR
[WRAP][PASS] Addr: 0x000024cc | Exp: 0xc573909f | Got: 0xc573909f
[WRAP][FAIL] Addr: 0x00002510 | Exp: 0xb862b2d7 | Got: 0xa53621b4 <<< ERROR
[WRAP][PASS] Addr: 0x00002514 | Exp: 0xa53621b4 | Got: 0xa53621b4
[WRAP][FAIL] Addr: 0x00002558 | Exp: 0x5ef502a7 | Got: 0x89a9a5f4 <<< ERROR
[WRAP][PASS] Addr: 0x0000255c | Exp: 0x89a9a5f4 | Got: 0x89a9a5f4
[WRAP][FAIL] Addr: 0x000025a0 | Exp: 0x8cd82def | Got: 0xe50a184e <<< ERROR
[WRAP][PASS] Addr: 0x000025a4 | Exp: 0xe50a184e | Got: 0xe50a184e
[WRAP][FAIL] Addr: 0x000025e8 | Exp: 0x98b95be1 | Got: 0xd2c00013 <<< ERROR
[WRAP][PASS] Addr: 0x000025ec | Exp: 0xd2c00013 | Got: 0xd2c00013
[WRAP][FAIL] Addr: 0x00002630 | Exp: 0x081bb400 | Got: 0x889f2a02 <<< ERROR
[WRAP][PASS] Addr: 0x00002634 | Exp: 0x889f2a02 | Got: 0x889f2a02
[WRAP][FAIL] Addr: 0x00002678 | Exp: 0x59f1890b | Got: 0xb1e05017 <<< ERROR
[WRAP][PASS] Addr: 0x0000267c | Exp: 0xb1e05017 | Got: 0xb1e05017
[WRAP][FAIL] Addr: 0x000026c0 | Exp: 0xc0f840ab | Got: 0xafdd7c12 <<< ERROR
[WRAP][PASS] Addr: 0x000026c4 | Exp: 0xafdd7c12 | Got: 0xafdd7c12
[WRAP][FAIL] Addr: 0x00002708 | Exp: 0x29d6a3dd | Got: 0x7c8eb0c8 <<< ERROR
[WRAP][PASS] Addr: 0x0000270c | Exp: 0x7c8eb0c8 | Got: 0x7c8eb0c8
[WRAP][FAIL] Addr: 0x00002750 | Exp: 0xa8f5041e | Got: 0xaac6262c <<< ERROR
[WRAP][PASS] Addr: 0x00002754 | Exp: 0xaac6262c | Got: 0xaac6262c
[WRAP][FAIL] Addr: 0x00002798 | Exp: 0x2c1e615b | Got: 0xc02c241a <<< ERROR
[WRAP][PASS] Addr: 0x0000279c | Exp: 0xc02c241a | Got: 0xc02c241a
[WRAP][FAIL] Addr: 0x000027e0 | Exp: 0x0bd77c95 | Got: 0xe4f947e8 <<< ERROR
[WRAP][PASS] Addr: 0x000027e4 | Exp: 0xe4f947e8 | Got: 0xe4f947e8
[WRAP][FAIL] Addr: 0x00002828 | Exp: 0xd87b8356 | Got: 0xa575c0ac <<< ERROR
[WRAP][PASS] Addr: 0x0000282c | Exp: 0xa575c0ac | Got: 0xa575c0ac
[WRAP][FAIL] Addr: 0x00002870 | Exp: 0x7f1dbfd5 | Got: 0x4131ce4c <<< ERROR
[WRAP][PASS] Addr: 0x00002874 | Exp: 0x4131ce4c | Got: 0x4131ce4c
[WRAP][FAIL] Addr: 0x000028b8 | Exp: 0xa21c79ea | Got: 0xc4038f49 <<< ERROR
[WRAP][PASS] Addr: 0x000028bc | Exp: 0xc4038f49 | Got: 0xc4038f49
[WRAP][FAIL] Addr: 0x00002900 | Exp: 0xc184f4b1 | Got: 0xe4c4e949 <<< ERROR
[WRAP][PASS] Addr: 0x00002904 | Exp: 0xe4c4e949 | Got: 0xe4c4e949
[WRAP][FAIL] Addr: 0x00002948 | Exp: 0x8f2934ff | Got: 0x65cb1868 <<< ERROR
[WRAP][PASS] Addr: 0x0000294c | Exp: 0x65cb1868 | Got: 0x65cb1868
[WRAP][FAIL] Addr: 0x00002990 | Exp: 0x8a83fc88 | Got: 0x7327313e <<< ERROR
[WRAP][PASS] Addr: 0x00002994 | Exp: 0x7327313e | Got: 0x7327313e
[WRAP][FAIL] Addr: 0x000029d8 | Exp: 0xc04925cb | Got: 0x3a9da1ad <<< ERROR
[WRAP][PASS] Addr: 0x000029dc | Exp: 0x3a9da1ad | Got: 0x3a9da1ad
[WRAP][FAIL] Addr: 0x00002a20 | Exp: 0x49ce4cc3 | Got: 0xb9667c72 <<< ERROR
[WRAP][PASS] Addr: 0x00002a24 | Exp: 0xb9667c72 | Got: 0xb9667c72
[WRAP][FAIL] Addr: 0x00002a68 | Exp: 0xe81e704d | Got: 0x7ba71b68 <<< ERROR
[WRAP][PASS] Addr: 0x00002a6c | Exp: 0x7ba71b68 | Got: 0x7ba71b68
[WRAP][FAIL] Addr: 0x00002ab0 | Exp: 0xd6d6f859 | Got: 0xc9af649c <<< ERROR
[WRAP][PASS] Addr: 0x00002ab4 | Exp: 0xc9af649c | Got: 0xc9af649c
[WRAP][FAIL] Addr: 0x00002af8 | Exp: 0xb2c54cd2 | Got: 0x7ef1be13 <<< ERROR
[WRAP][PASS] Addr: 0x00002afc | Exp: 0x7ef1be13 | Got: 0x7ef1be13
[WRAP][FAIL] Addr: 0x00002b40 | Exp: 0x1045e94c | Got: 0x86c67c5c <<< ERROR
[WRAP][PASS] Addr: 0x00002b44 | Exp: 0x86c67c5c | Got: 0x86c67c5c
[WRAP][FAIL] Addr: 0x00002b88 | Exp: 0x1d589972 | Got: 0xbae157d7 <<< ERROR
[WRAP][PASS] Addr: 0x00002b8c | Exp: 0xbae157d7 | Got: 0xbae157d7
[WRAP][FAIL] Addr: 0x00002bd0 | Exp: 0x6b844a2b | Got: 0x9f9034c1 <<< ERROR
[WRAP][PASS] Addr: 0x00002bd4 | Exp: 0x9f9034c1 | Got: 0x9f9034c1
[WRAP][FAIL] Addr: 0x00002c18 | Exp: 0xbd6e9b91 | Got: 0x39b64a05 <<< ERROR
[WRAP][PASS] Addr: 0x00002c1c | Exp: 0x39b64a05 | Got: 0x39b64a05
[WRAP][FAIL] Addr: 0x00002c60 | Exp: 0x74371f91 | Got: 0xfa8a72c4 <<< ERROR
[WRAP][PASS] Addr: 0x00002c64 | Exp: 0xfa8a72c4 | Got: 0xfa8a72c4
[WRAP][FAIL] Addr: 0x00002ca8 | Exp: 0xf898f160 | Got: 0x7d0f369f <<< ERROR
[WRAP][PASS] Addr: 0x00002cac | Exp: 0x7d0f369f | Got: 0x7d0f369f
[WRAP][FAIL] Addr: 0x00002cf0 | Exp: 0x3bbd11a3 | Got: 0x9151d4c9 <<< ERROR
[WRAP][PASS] Addr: 0x00002cf4 | Exp: 0x9151d4c9 | Got: 0x9151d4c9
[WRAP][FAIL] Addr: 0x00002d38 | Exp: 0x2be3b35b | Got: 0xd1635dcf <<< ERROR
[WRAP][PASS] Addr: 0x00002d3c | Exp: 0xd1635dcf | Got: 0xd1635dcf
[WRAP][FAIL] Addr: 0x00002d80 | Exp: 0xb8b36593 | Got: 0xbc1aa823 <<< ERROR
[WRAP][PASS] Addr: 0x00002d84 | Exp: 0xbc1aa823 | Got: 0xbc1aa823
[WRAP][FAIL] Addr: 0x00002dc8 | Exp: 0xc35bc5cb | Got: 0x1188ab6c <<< ERROR
[WRAP][PASS] Addr: 0x00002dcc | Exp: 0x1188ab6c | Got: 0x1188ab6c


====================================
    SCOREBOARD FINAL REPORT
====================================
Total Write Transactions: 2800
Total Read Transactions:  2800
Total Passes: 1100
Total Fails:  100
====================================

*** 100 TESTS FAILED ***

Simulation complete via $finish(1) at time 70065 NS + 4
./Functional/tb_top.sv:201     $finish;
xcelium> exit
xmsim: *N,COVCGN: Coverage configuration file command "set_covergroup -new_instance_reporting" can be specified to improve the scoping and naming of covergroup instances. It may be noted that subsequent merging of a coverage database saved with this command and a coverage database saved without this command is not allowed.
xmsim: *W,CGDEFN: Default name "tb_top.ahb_cov.htrans_cg" will be generated for covergroup instance "htrans_cg" as the name of the covergroup instance is not specified explicitly: ./Covergroups/coverage_module.sv, 228.
xmsim: *W,CGDEFN: Default name "tb_top.ahb_cov.hprot_cg" will be generated for covergroup instance "hprot_cg" as the name of the covergroup instance is not specified explicitly: ./Covergroups/coverage_module.sv, 229.
xmsim: *W,CGDEFN: Default name "tb_top.ahb_cov.htrans_hready_cg" will be generated for covergroup instance "htrans_hready_cg" as the name of the covergroup instance is not specified explicitly: ./Covergroups/coverage_module.sv, 230.
xmsim: *W,CGDEFN: Default name "tb_top.ahb_cov.hwrite_cg" will be generated for covergroup instance "hwrite_cg" as the name of the covergroup instance is not specified explicitly: ./Covergroups/coverage_module.sv, 231.
xmsim: *W,CGDEFN: Default name "tb_top.ahb_cov.hburst_cg" will be generated for covergroup instance "hburst_cg" as the name of the covergroup instance is not specified explicitly: ./Covergroups/coverage_module.sv, 232.
xmsim: *W,CGDEFN: Default name "tb_top.ahb_cov.hsize_cg" will be generated for covergroup instance "hsize_cg" as the name of the covergroup instance is not specified explicitly: ./Covergroups/coverage_module.sv, 233.
xmsim: *W,CGDEFN: Default name "tb_top.ahb_cov.addr_align_cg" will be generated for covergroup instance "addr_align_cg" as the name of the covergroup instance is not specified explicitly: ./Covergroups/coverage_module.sv, 234.
xmsim: *W,CGDEFN: Default name "tb_top.ahb_cov.cross1_cg" will be generated for covergroup instance "cross1_cg" as the name of the covergroup instance is not specified explicitly: ./Covergroups/coverage_module.sv, 236.
xmsim: *W,CGDEFN: Default name "tb_top.ahb_cov.cross2_cg" will be generated for covergroup instance "cross2_cg" as the name of the covergroup instance is not specified explicitly: ./Covergroups/coverage_module.sv, 237.
xmsim: *W,CGDEFN: Default name "tb_top.ahb_cov.cross3_cg" will be generated for covergroup instance "cross3_cg" as the name of the covergroup instance is not specified explicitly: ./Covergroups/coverage_module.sv, 238.
xmsim: *W,CGDEFN: Default name "tb_top.ahb_cov.cross4_cg" will be generated for covergroup instance "cross4_cg" as the name of the covergroup instance is not specified explicitly: ./Covergroups/coverage_module.sv, 239.
xmsim: *W,CGDEFN: Default name "tb_top.ahb_cov.cross5_cg" will be generated for covergroup instance "cross5_cg" as the name of the covergroup instance is not specified explicitly: ./Covergroups/coverage_module.sv, 240.

coverage setup:
  workdir  :  cov_work
  dutinst  :  tb_top(tb_top)
  scope    :  scope
  testname :  test_1

coverage files:
  model(design data) :  cov_work/scope/icc_4e3e57e9_6da19724.ucm
  data               :  cov_work/scope/test_1/icc_4e3e57e9_6da19724.ucd
TOOL:	xrun	23.09-s013: Exiting on May 04, 2026 at 23:21:32 PKT  (total: 00:00:01)
