2026-05-01 22:46:06.616946 (27548) main____ INFO    ----------------------------------------
2026-05-01 22:46:06.617028 (27548) main____ INFO    Jasper version info
2026-05-01 22:46:06.617046 (27548) main____ INFO      tool      : Jasper 2025.06
2026-05-01 22:46:06.617059 (27548) main____ INFO      version   : 2025.06p002 64 bits
2026-05-01 22:46:06.617070 (27548) main____ INFO      build date: 2025.08.26 14:59:20 UTC
2026-05-01 22:46:06.617078 (27548) main____ INFO    ----------------------------------------
2026-05-01 22:46:06.617085 (27548) main____ INFO    Runtime info:
2026-05-01 22:46:06.617094 (27548) main____ INFO      platform  : Linux 3.10.0-1160.119.1.el7.x86_64 x86_64
2026-05-01 22:46:06.617111 (27548) main____ INFO      hostname  : pc9
2026-05-01 22:46:06.617123 (27548) main____ INFO      pid       : 27548
2026-05-01 22:46:06.617132 (27548) main____ INFO      arguments : '-style' 'windows' 'fpv_setup.tcl'
2026-05-01 22:46:06.617141 (27548) main____ INFO      locale    : ANSI_X3.4-1968
2026-05-01 22:46:06.617148 (27548) main____ INFO    ----------------------------------------
2026-05-01 22:46:06.617155 (27548) main____ INFO    System resource limits info:
2026-05-01 22:46:06.617165 (27548) main____ INFO      virtual memory: unlimited
2026-05-01 22:46:06.617174 (27548) main____ INFO      cpu time      : unlimited
2026-05-01 22:46:06.617188 (27548) main____ INFO      processes     : 4096
2026-05-01 22:46:06.617204 (27548) main____ INFO      stack size    : 8388608 B
2026-05-01 22:46:06.617215 (27548) main____ INFO      core file size: 0 B
2026-05-01 22:46:06.617225 (27548) main____ INFO      open files    : 1024
2026-05-01 22:46:06.617234 (27548) main____ INFO      file size     : unlimited
2026-05-01 22:46:06.617242 (27548) main____ INFO    ----------------------------------------
2026-05-01 22:46:06.617249 (27548) main____ INFO    Memory statistics:
2026-05-01 22:46:06.617258 (27548) main____ INFO      total physical memory  : 16096736 kB
2026-05-01 22:46:06.617266 (27548) main____ INFO      free physical memory   : 632260 kB
2026-05-01 22:46:06.617275 (27548) main____ INFO      committed address space: 15587636 kB
2026-05-01 22:46:06.617282 (27548) main____ INFO    ----------------------------------------
2026-05-01 22:46:06.618319 (27548) main____ INFO    Important environment variables:
2026-05-01 22:46:06.618355 (27548) main____ INFO      CDS_LIC_FILE       : '5280@cadenceserver'
2026-05-01 22:46:06.618368 (27548) main____ INFO      CDS_Netlisting_Mode: 'Analog'
2026-05-01 22:46:06.618379 (27548) main____ INFO      DISPLAY            : ':0'
2026-05-01 22:46:06.618389 (27548) main____ INFO      JASPER_CPU_CHECK   : '1'
2026-05-01 22:46:06.618399 (27548) main____ INFO      JASPER_INSTALL_DIR : '/mnt/cadence_tools/installs/JASPER25'
2026-05-01 22:46:06.618408 (27548) main____ INFO      JASPER_KERNEL_CHECK: '1'
2026-05-01 22:46:06.618417 (27548) main____ INFO      JASPER_OS_CHECK    : '1'
2026-05-01 22:46:06.618427 (27548) main____ INFO      JASPER_PLATFORM    : 'Linux64'
2026-05-01 22:46:06.618436 (27548) main____ INFO      LANG               : 'C'
2026-05-01 22:46:06.618446 (27548) main____ INFO      LM_LICENSE_FILE    : '5280@cadenceserver'
2026-05-01 22:46:06.618453 (27548) main____ INFO    ----------------------------------------
2026-05-01 22:46:06.618561 (27548) lic_core INFO    Initializing license system ...
2026-05-01 22:46:06.624663 (27621) lic_core INFO    [22:46:06.462753] Configured Lic search path (24.01-s003): 5280@cadenceserver
2026-05-01 22:46:06.640946 (27548) lic_core INFO    ... license system initialized.
2026-05-01 22:46:06.641243 (27548) lic__man INFO    Claim 'main' for <ui>.
2026-05-01 22:46:06.641281 (27548) lic_core INFO    (1) checking out 'jasper_interactive' ...
2026-05-01 22:46:06.646439 (27548) lic_core INFO    ... (1) checkout failed (error: -5) ("FLEXnet ERROR(-5, 0, 0): No such feature exists.")
2026-05-01 22:46:06.646468 (27548) lic_core INFO    (2) checking out 'jasper_pint' ...
2026-05-01 22:46:06.656363 (27548) lic_core INFO    ... (2) checkout succeeded
2026-05-01 22:46:06.656399 (27548) lic__man INFO    Claim 'fpv' for <ui>.
2026-05-01 22:46:06.656420 (27548) lic_core INFO    (3) checking out 'jasper_fpv' ...
2026-05-01 22:46:06.659626 (27548) lic_core INFO    ... (3) checkout failed (error: -5) ("FLEXnet ERROR(-5, 0, 0): No such feature exists.")
2026-05-01 22:46:06.659649 (27548) lic_core INFO    (4) checking out 'jasper_fao' ...
2026-05-01 22:46:06.662806 (27548) lic_core INFO    ... (4) checkout failed (error: -5) ("FLEXnet ERROR(-5, 0, 0): No such feature exists.")
2026-05-01 22:46:06.662826 (27548) lic_core INFO    (5) checking out 'jasper_papp' ...
2026-05-01 22:46:06.673253 (27548) lic_core INFO    ... (5) checkout succeeded
2026-05-01 22:46:06.673848 (27548) main____ INFO    Tool inactivity delay is 480000 ms.
2026-05-01 22:46:14.797119 (27548) lic__man INFO    Claim 'fpv' for <ui>.
2026-05-01 22:46:14.941439 (27548) lic__man INFO    Unclaim 'fpv' for <ui>.
2026-05-01 22:46:14.941474 (27548) lic__man INFO    Claim 'fpv' for <ui>.
2026-05-01 22:46:14.946794 (27548) session_ INFO    Starting analysis session with session id 'session_0' (launcher: <local>) ...
2026-05-01 22:46:14.949015 (27548) session_ INFO    Analysis session with session id 'session_0' started (pid: 27644)
2026-05-01 22:46:55.932635 (27548) session_ INFO    Analysis session 'session_0' connected to the console (host: 127.0.0.1:43734)
2026-05-01 22:46:56.213582 (27548) main____ INFO    Releasing console memory by request of analysis session 'session_0'.
2026-05-01 22:46:56.214583 (27548) lic__man INFO    Unclaim everything for 'session_0'.
2026-05-01 22:47:06.918833 (27621) lic_core INFO    [22:47:06.394218] Periodic Lic check successful
2026-05-01 22:47:06.918908 (27621) lic_core INFO      [22:47:06.918586] Feature usage summary:
2026-05-01 22:47:06.918934 (27621) lic_core INFO      [22:47:06.918592] jasper_pint
2026-05-01 22:47:06.918952 (27621) lic_core INFO      [22:47:06.918594] jasper_papp
2026-05-01 22:47:31.669130 (27548) main____ INFO    About to exit: requested from GUI
2026-05-01 22:47:31.740033 (27548) session_ INFO    Analysis session 'session_0' disconnected.
2026-05-01 22:47:31.745218 (27548) lic_core INFO    (2) checkin jasper_pint
2026-05-01 22:47:31.746044 (27548) lic_core INFO    (5) checkin jasper_papp
2026-05-01 22:47:31.746873 (27548) lic_core INFO    Lic Summary:
2026-05-01 22:47:31.746887 (27548) lic_core INFO      [22:47:31.222482] Cdslmd servers:5280@cadenceserver
2026-05-01 22:47:31.746910 (27548) lic_core INFO      [22:47:31.746776] Feature usage summary:
2026-05-01 22:47:31.746914 (27548) lic_core INFO      [22:47:31.746776] jasper_pint
2026-05-01 22:47:31.746918 (27548) lic_core INFO      [22:47:31.746777] jasper_papp
2026-05-01 22:47:31.747006 (27548) main____ INFO    Exiting with status 0.
